Archive member included because of file (symbol)

./out/lib/drivers_bm.a(window.o)
                              ./out/obj/Test3LCD.o (GUI_Window_Create)
./out/lib/drivers_bm.a(GLCDLowLevel.o)
                              ./out/lib/drivers_bm.a(window.o) (GLCDLowLevel_SwapBuffer)
./out/lib/drivers_bm.a(GLCDgui.o)
                              ./out/obj/Test3LCD.o (GUI_StartLibrary)
./out/lib/drivers_bm.a(MicroInterface.o)
                              ./out/lib/drivers_bm.a(GLCDLowLevel.o) (MicroInterface_Init)
./out/lib/drivers_bm.a(text.o)
                              ./out/lib/drivers_bm.a(window.o) (GUI_Text_Create)
./out/lib/drivers_bm.a(picture.o)
                              ./out/lib/drivers_bm.a(window.o) (GUI_Picture_Create)
./out/lib/drivers_bm.a(GLCDFonts.o)
                              ./out/lib/drivers_bm.a(window.o) (GLCD_SelectFont)
./out/lib/drivers_bm.a(GLCDPrimitives.o)
                              ./out/lib/drivers_bm.a(window.o) (GLCDPrimitives_ClearScreen)
./out/lib/drivers_bm.a(button.o)
                              ./out/lib/drivers_bm.a(window.o) (GUI_Button_Create)
./out/lib/ext_drivers.a(gpio_18xx_43xx.o)
                              ./out/lib/drivers_bm.a(MicroInterface.o) (Chip_GPIO_Init)
./out/lib/ext_drivers.a(cr_startup_lpc43xx.o)
                              ./out/obj/vector.o (ResetISR)
./out/lib/ext_drivers.a(sysinit.o)
                              ./out/lib/ext_drivers.a(cr_startup_lpc43xx.o) (SystemInit)
./out/lib/ext_drivers.a(fpu_init.o)
                              ./out/lib/ext_drivers.a(sysinit.o) (fpuInit)
./out/lib/ext_drivers.a(sysinit_18xx_43xx.o)
                              ./out/lib/ext_drivers.a(sysinit.o) (Chip_SystemInit)
./out/lib/ext_drivers.a(clock_18xx_43xx.o)
                              ./out/lib/ext_drivers.a(sysinit_18xx_43xx.o) (Chip_Clock_EnableCrystal)
c:/ciaa/cygwin/usr/arm-none-eabi/bin/../lib/gcc/arm-none-eabi/4.9.3/../../../../arm-none-eabi/lib/armv7e-m/softfp\libc.a(lib_a-memset.o)
                              ./out/lib/ext_drivers.a(clock_18xx_43xx.o) (memset)
c:/ciaa/cygwin/usr/arm-none-eabi/bin/../lib/gcc/arm-none-eabi/4.9.3/../../../../arm-none-eabi/lib/armv7e-m/softfp\libc.a(lib_a-strcmp.o)
                              ./out/lib/drivers_bm.a(window.o) (strcmp)
c:/ciaa/cygwin/usr/arm-none-eabi/bin/../lib/gcc/arm-none-eabi/4.9.3/../../../../arm-none-eabi/lib/armv7e-m/softfp\libc.a(lib_a-strcpy.o)
                              ./out/lib/drivers_bm.a(text.o) (strcpy)
c:/ciaa/cygwin/usr/arm-none-eabi/bin/../lib/gcc/arm-none-eabi/4.9.3/../../../../arm-none-eabi/lib/armv7e-m/softfp\libc.a(lib_a-strlen.o)
                              ./out/lib/drivers_bm.a(window.o) (strlen)
c:/ciaa/cygwin/usr/arm-none-eabi/bin/../lib/gcc/arm-none-eabi/4.9.3/../../../../arm-none-eabi/lib/armv7e-m/softfp\libc.a(lib_a-strncpy.o)
                              ./out/lib/drivers_bm.a(window.o) (strncpy)

Allocating common symbols
Common symbol       size              file

GUI_Malloc_Pointer  0x4               ./out/obj/Test3LCD.o
_delayCounter       0x4               ./out/lib/drivers_bm.a(GLCDLowLevel.o)
GUI_Free_Pointer    0x4               ./out/obj/Test3LCD.o
ActiveWindow        0x4               ./out/lib/drivers_bm.a(window.o)
WIndex              0x934             ./out/lib/drivers_bm.a(window.o)
GLCDLowLevel_VideoRAM
                    0x400             ./out/obj/Test3LCD.o
MaskedBuf           0x4               ./out/lib/drivers_bm.a(MicroInterface.o)

Discarded input sections

 .group         0x00000000        0x8 ./out/obj/vector.o
 .group         0x00000000        0x8 ./out/obj/vector.o
 .group         0x00000000        0x8 ./out/obj/vector.o
 .group         0x00000000        0x8 ./out/obj/vector.o
 .group         0x00000000        0x8 ./out/obj/vector.o
 .group         0x00000000        0x8 ./out/obj/vector.o
 .group         0x00000000        0x8 ./out/obj/vector.o
 .text          0x00000000        0x0 ./out/obj/vector.o
 .data          0x00000000        0x0 ./out/obj/vector.o
 .bss           0x00000000        0x0 ./out/obj/vector.o
 .group         0x00000000        0x8 ./out/obj/Test3LCD.o
 .group         0x00000000        0x8 ./out/obj/Test3LCD.o
 .group         0x00000000        0x8 ./out/obj/Test3LCD.o
 .group         0x00000000        0x8 ./out/obj/Test3LCD.o
 .group         0x00000000        0x8 ./out/obj/Test3LCD.o
 .group         0x00000000        0x8 ./out/obj/Test3LCD.o
 .group         0x00000000        0x8 ./out/obj/Test3LCD.o
 .group         0x00000000        0x8 ./out/obj/Test3LCD.o
 .group         0x00000000        0x8 ./out/obj/Test3LCD.o
 .group         0x00000000        0x8 ./out/obj/Test3LCD.o
 .group         0x00000000        0x8 ./out/obj/Test3LCD.o
 .group         0x00000000        0x8 ./out/obj/Test3LCD.o
 .group         0x00000000        0x8 ./out/obj/Test3LCD.o
 .group         0x00000000        0x8 ./out/obj/Test3LCD.o
 .group         0x00000000        0x8 ./out/obj/Test3LCD.o
[...]
Memory Configuration

Name             Origin             Length             Attributes
MFlashA512       0x1a000000         0x00080000         xr
MFlashB512       0x1b000000         0x00080000         xr
RamLoc32         0x10000000         0x00008000         xrw
RamLoc40         0x10080000         0x0000a000         xrw
RamAHB32         0x20000000         0x00008000         xrw
RamAHB16         0x20008000         0x00004000         xrw
RamAHB_ETB16     0x2000c000         0x00004000         xrw
*default*        0x00000000         0xffffffff

Linker script and memory map

LOAD ./out/obj/vector.o
LOAD ./out/obj/Test3LCD.o
LOAD ./out/obj/crp.o
START GROUP
LOAD ./out/lib/drivers_bm.a
LOAD ./out/lib/ext_drivers.a
LOAD ./out/lib/ext_base.a
END GROUP
START GROUP
LOAD c:/ciaa/cygwin/usr/arm-none-eabi/bin/../lib/gcc/arm-none-eabi/4.9.3/armv7e-m/softfp\libgcc.a
LOAD c:/ciaa/cygwin/usr/arm-none-eabi/bin/../lib/gcc/arm-none-eabi/4.9.3/../../../../arm-none-eabi/lib/armv7e-m/softfp\libc.a
LOAD c:/ciaa/cygwin/usr/arm-none-eabi/bin/../lib/gcc/arm-none-eabi/4.9.3/../../../../arm-none-eabi/lib/armv7e-m/softfp\libm.a
END GROUP
                0x1a080000                __top_MFlashA512 = 0x1a080000
                0x1b080000                __top_MFlashB512 = 0x1b080000
                0x10008000                __top_RamLoc32 = 0x10008000
                0x1008a000                __top_RamLoc40 = 0x1008a000
                0x20008000                __top_RamAHB32 = 0x20008000
                0x2000c000                __top_RamAHB16 = 0x2000c000
                0x20010000                __top_RamAHB_ETB16 = 0x20010000

.text_Flash2    0x1b000000        0x0
 FILL mask 0xff
 *(.text_Flash2*)
 *(.text_MFlashB512*)
 *(.text.$Flash2*)
 *(.text.$MFlashB512*)
 *(.rodata.$Flash2*)
 *(.rodata.$MFlashB512*)

.text           0x1a000000     0x2c0c
 FILL mask 0xff
                0x1a000000                __vectors_start__ = ABSOLUTE (.)
 *(.isr_vector)
 .isr_vector    0x1a000000      0x114 ./out/obj/vector.o
                0x1a000000                g_pfnVectors
                0x1a000114                . = ALIGN (0x4)
                0x1a000114                __section_table_start = .
                0x1a000114                __data_section_table = .
                0x1a000114        0x4 LONG 0x1a002c0c LOADADDR (.data)
                0x1a000118        0x4 LONG 0x10000000 ADDR (.data)
                0x1a00011c        0x4 LONG 0x0 SIZEOF (.data)
                0x1a000120        0x4 LONG 0x1a002c0c LOADADDR (.data_RAM2)
                0x1a000124        0x4 LONG 0x10080000 ADDR (.data_RAM2)
                0x1a000128        0x4 LONG 0x0 SIZEOF (.data_RAM2)
                0x1a00012c        0x4 LONG 0x1a002c0c LOADADDR (.data_RAM3)
                0x1a000130        0x4 LONG 0x20000000 ADDR (.data_RAM3)
                0x1a000134        0x4 LONG 0x0 SIZEOF (.data_RAM3)
                0x1a000138        0x4 LONG 0x1a002c0c LOADADDR (.data_RAM4)
                0x1a00013c        0x4 LONG 0x20008000 ADDR (.data_RAM4)
                0x1a000140        0x4 LONG 0x0 SIZEOF (.data_RAM4)
                0x1a000144        0x4 LONG 0x1a002c0c LOADADDR (.data_RAM5)
                0x1a000148        0x4 LONG 0x2000c000 ADDR (.data_RAM5)
                0x1a00014c        0x4 LONG 0x0 SIZEOF (.data_RAM5)
                0x1a000150                __data_section_table_end = .
                0x1a000150                __bss_section_table = .
                0x1a000150        0x4 LONG 0x10000000 ADDR (.bss)
                0x1a000154        0x4 LONG 0xd58 SIZEOF (.bss)
                0x1a000158        0x4 LONG 0x10080000 ADDR (.bss_RAM2)
                0x1a00015c        0x4 LONG 0x0 SIZEOF (.bss_RAM2)
                0x1a000160        0x4 LONG 0x20000000 ADDR (.bss_RAM3)
                0x1a000164        0x4 LONG 0x0 SIZEOF (.bss_RAM3)
                0x1a000168        0x4 LONG 0x20008000 ADDR (.bss_RAM4)
                0x1a00016c        0x4 LONG 0x0 SIZEOF (.bss_RAM4)
                0x1a000170        0x4 LONG 0x2000c000 ADDR (.bss_RAM5)
                0x1a000174        0x4 LONG 0x0 SIZEOF (.bss_RAM5)
                0x1a000178                __bss_section_table_end = .
                0x1a000178                __section_table_end = .
 *(.after_vectors*)
 .after_vectors
                0x1a000178       0x54 ./out/obj/vector.o
 .after_vectors
                0x1a0001cc       0x7c ./out/lib/ext_drivers.a(cr_startup_lpc43xx.o)
                0x1a0001cc                data_init
                0x1a000210                bss_init
                0x000002fc                . = 0x2fc
 *fill*         0x1a000248       0xb4 ff
                0x1a0002fc                PROVIDE (__CRP_WORD_START__, .)
 *(.crp)
 .crp           0x1a0002fc        0x4 ./out/obj/crp.o
                0x1a0002fc                CRP_WORD
                0x1a000300                PROVIDE (__CRP_WORD_END__, .)
                0x00000001                ASSERT (! ((__CRP_WORD_START__ == __CRP_WORD_END__)), Linker CRP Enabled, but no CRP_WORD provided within application)
 *(.text*)
 .text.main     0x1a000300       0x78 ./out/obj/Test3LCD.o
                0x1a000300                main
 .text.GUI_Window_ObjectListInit
                0x1a000378       0x2c ./out/lib/drivers_bm.a(window.o)
                0x1a000378                GUI_Window_ObjectListInit
 .text.GUI_Window_Create
                0x1a0003a4       0xd8 ./out/lib/drivers_bm.a(window.o)
                0x1a0003a4                GUI_Window_Create
 .text.GUI_Window_Draw
                0x1a00047c      0x1a8 ./out/lib/drivers_bm.a(window.o)
                0x1a00047c                GUI_Window_Draw
 .text.GUI_Window_DrawObjects
                0x1a000624       0x9c ./out/lib/drivers_bm.a(window.o)
                0x1a000624                GUI_Window_DrawObjects
 .text.SendData
                0x1a0006c0       0xb4 ./out/lib/drivers_bm.a(GLCDLowLevel.o)
 .text.GLCDLowLevel_Init
                0x1a000774       0xa4 ./out/lib/drivers_bm.a(GLCDLowLevel.o)
                0x1a000774                GLCDLowLevel_Init
 .text.GLCDLowLevel_SwapBuffer
                0x1a000818       0xa0 ./out/lib/drivers_bm.a(GLCDLowLevel.o)
                0x1a000818                GLCDLowLevel_SwapBuffer
 .text.GUI_StartLibrary
                0x1a0008b8       0x18 ./out/lib/drivers_bm.a(GLCDgui.o)
                0x1a0008b8                GUI_StartLibrary
 .text.Chip_SCU_PinMuxSet
                0x1a0008d0       0x30 ./out/lib/drivers_bm.a(MicroInterface.o)
 .text.Chip_SCU_PinMux
                0x1a000900       0x3c ./out/lib/drivers_bm.a(MicroInterface.o)
 .text.Chip_GPIO_SetPinState
                0x1a00093c       0x38 ./out/lib/drivers_bm.a(MicroInterface.o)
 .text.Chip_GPIO_SetPinDIROutput
                0x1a000974       0x3c ./out/lib/drivers_bm.a(MicroInterface.o)
 .text.Chip_GPIO_SetPinOutLow
                0x1a0009b0       0x30 ./out/lib/drivers_bm.a(MicroInterface.o)
 .text.MicroInterface_Init
                0x1a0009e0      0x150 ./out/lib/drivers_bm.a(MicroInterface.o)
                0x1a0009e0                MicroInterface_Init
 .text.MicroInterface_Bit_WriteLow
                0x1a000b30       0x2c ./out/lib/drivers_bm.a(MicroInterface.o)
                0x1a000b30                MicroInterface_Bit_WriteLow
 .text.MicroInterface_Bit_WriteHigh
                0x1a000b5c       0x2c ./out/lib/drivers_bm.a(MicroInterface.o)
                0x1a000b5c                MicroInterface_Bit_WriteHigh
 .text.MicroInterface_Byte_WriteData
                0x1a000b88      0x100 ./out/lib/drivers_bm.a(MicroInterface.o)
                0x1a000b88                MicroInterface_Byte_WriteData
 .text.GUI_Text_Draw
                0x1a000c88       0x40 ./out/lib/drivers_bm.a(text.o)
                0x1a000c88                GUI_Text_Draw
 .text.GUI_Picture_Draw
                0x1a000cc8       0x28 ./out/lib/drivers_bm.a(picture.o)
                0x1a000cc8                GUI_Picture_Draw
 .text.FontRead
                0x1a000cf0       0x18 ./out/lib/drivers_bm.a(GLCDFonts.o)
                0x1a000cf0                FontRead
 .text.GLCD_SelectFont
                0x1a000d08       0x2c ./out/lib/drivers_bm.a(GLCDFonts.o)
                0x1a000d08                GLCD_SelectFont
 .text.GLCD_FreePuts
                0x1a000d34       0x74 ./out/lib/drivers_bm.a(GLCDFonts.o)
                0x1a000d34                GLCD_FreePuts
 .text.GLCD_FreePutChar
                0x1a000da8      0x464 ./out/lib/drivers_bm.a(GLCDFonts.o)
                0x1a000da8                GLCD_FreePutChar
 .text.GLCD_CursorFreeTo
                0x1a00120c       0x2c ./out/lib/drivers_bm.a(GLCDFonts.o)
                0x1a00120c                GLCD_CursorFreeTo
 .text.SetPage  0x1a001238       0x40 ./out/lib/drivers_bm.a(GLCDPrimitives.o)
                0x1a001238                SetPage
 .text.GLCDPrimitives_ClearScreen
                0x1a001278       0x68 ./out/lib/drivers_bm.a(GLCDPrimitives.o)
                0x1a001278                GLCDPrimitives_ClearScreen
 .text.GLCDPrimitives_DrawBitmap
                0x1a0012e0       0xb8 ./out/lib/drivers_bm.a(GLCDPrimitives.o)
                0x1a0012e0                GLCDPrimitives_DrawBitmap
 .text.GLCDPrimitives_DrawLine
                0x1a001398      0x304 ./out/lib/drivers_bm.a(GLCDPrimitives.o)
                0x1a001398                GLCDPrimitives_DrawLine
 .text.GLCDPrimitives_FillRect
                0x1a00169c      0x208 ./out/lib/drivers_bm.a(GLCDPrimitives.o)
                0x1a00169c                GLCDPrimitives_FillRect
 .text.GUI_Button_Draw
                0x1a0018a4       0xb0 ./out/lib/drivers_bm.a(button.o)
                0x1a0018a4                GUI_Button_Draw
 .text.Chip_GPIO_Init
                0x1a001954       0x14 ./out/lib/ext_drivers.a(gpio_18xx_43xx.o)
                0x1a001954                Chip_GPIO_Init
 .text.ResetISR
                0x1a001968       0xe4 ./out/lib/ext_drivers.a(cr_startup_lpc43xx.o)
                0x1a001968                ResetISR
 .text.SystemInit
                0x1a001a4c       0x1c ./out/lib/ext_drivers.a(sysinit.o)
                0x1a001a4c                SystemInit
 .text.fpuInit  0x1a001a68       0x74 ./out/lib/ext_drivers.a(fpu_init.o)
                0x1a001a68                fpuInit
 .text.Chip_Clock_DisableMainPLL
                0x1a001adc       0x1c ./out/lib/ext_drivers.a(sysinit_18xx_43xx.o)
 .text.Chip_Clock_SetupMainPLL
                0x1a001af8       0x40 ./out/lib/ext_drivers.a(sysinit_18xx_43xx.o)
 .text.Chip_Clock_MainPLLLocked
                0x1a001b38       0x24 ./out/lib/ext_drivers.a(sysinit_18xx_43xx.o)
 .text.Chip_SetupCoreClock
                0x1a001b5c      0x15c ./out/lib/ext_drivers.a(sysinit_18xx_43xx.o)
                0x1a001b5c                Chip_SetupCoreClock
 .text.Chip_SetupIrcClocking
                0x1a001cb8       0x14 ./out/lib/ext_drivers.a(sysinit_18xx_43xx.o)
                0x1a001cb8                Chip_SetupIrcClocking
 .text.Chip_SystemInit
                0x1a001ccc        0xc ./out/lib/ext_drivers.a(sysinit_18xx_43xx.o)
                0x1a001ccc                Chip_SystemInit
 .text.ABS      0x1a001cd8       0x24 ./out/lib/ext_drivers.a(clock_18xx_43xx.o)
 .text.pll_calc_divs
                0x1a001cfc      0x11c ./out/lib/ext_drivers.a(clock_18xx_43xx.o)
 .text.pll_get_frac
                0x1a001e18      0x178 ./out/lib/ext_drivers.a(clock_18xx_43xx.o)
 .text.Chip_Clock_GetDivRate
                0x1a001f90       0x40 ./out/lib/ext_drivers.a(clock_18xx_43xx.o)
 .text.Chip_Clock_EnableCrystal
                0x1a001fd0       0x6c ./out/lib/ext_drivers.a(clock_18xx_43xx.o)
                0x1a001fd0                Chip_Clock_EnableCrystal
 .text.Chip_Clock_CalcMainPLLValue
                0x1a00203c       0xd8 ./out/lib/ext_drivers.a(clock_18xx_43xx.o)
                0x1a00203c                Chip_Clock_CalcMainPLLValue
 .text.Chip_Clock_GetMainPLLHz
                0x1a002114       0xc0 ./out/lib/ext_drivers.a(clock_18xx_43xx.o)
                0x1a002114                Chip_Clock_GetMainPLLHz
 .text.Chip_Clock_GetDividerSource
                0x1a0021d4       0x40 ./out/lib/ext_drivers.a(clock_18xx_43xx.o)
                0x1a0021d4                Chip_Clock_GetDividerSource
 .text.Chip_Clock_GetDividerDivisor
                0x1a002214       0x38 ./out/lib/ext_drivers.a(clock_18xx_43xx.o)
                0x1a002214                Chip_Clock_GetDividerDivisor
 .text.Chip_Clock_GetClockInputHz
                0x1a00224c      0x140 ./out/lib/ext_drivers.a(clock_18xx_43xx.o)
                0x1a00224c                Chip_Clock_GetClockInputHz
 .text.Chip_Clock_SetBaseClock
                0x1a00238c       0x9c ./out/lib/ext_drivers.a(clock_18xx_43xx.o)
                0x1a00238c                Chip_Clock_SetBaseClock
 .text.memset   0x1a002428       0x9c c:/ciaa/cygwin/usr/arm-none-eabi/bin/../lib/gcc/arm-none-eabi/4.9.3/../../../../arm-none-eabi/lib/armv7e-m/softfp\libc.a(lib_a-memset.o)
                0x1a002428                memset
 *fill*         0x1a0024c4       0x1c 
 .text          0x1a0024e0      0x2dc c:/ciaa/cygwin/usr/arm-none-eabi/bin/../lib/gcc/arm-none-eabi/4.9.3/../../../../arm-none-eabi/lib/armv7e-m/softfp\libc.a(lib_a-strcmp.o)
                0x1a0024e8                strcmp
 .text.strlen   0x1a0027bc       0x5c c:/ciaa/cygwin/usr/arm-none-eabi/bin/../lib/gcc/arm-none-eabi/4.9.3/../../../../arm-none-eabi/lib/armv7e-m/softfp\libc.a(lib_a-strlen.o)
                0x1a0027bc                strlen
 .text.strncpy  0x1a002818       0x68 c:/ciaa/cygwin/usr/arm-none-eabi/bin/../lib/gcc/arm-none-eabi/4.9.3/../../../../arm-none-eabi/lib/armv7e-m/softfp\libc.a(lib_a-strncpy.o)
                0x1a002818                strncpy
 *(.rodata .rodata.* .constdata .constdata.*)
 .rodata        0x1a002880       0x16 ./out/obj/Test3LCD.o
 *fill*         0x1a002896        0x2 
 .rodata.System5x7
                0x1a002898      0x1ec ./out/lib/drivers_bm.a(window.o)
 .rodata        0x1a002a84        0x2 ./out/lib/drivers_bm.a(window.o)
 *fill*         0x1a002a86        0x2 
 .rodata.SysFont3x5
                0x1a002a88      0x126 ./out/lib/drivers_bm.a(text.o)
 *fill*         0x1a002bae        0x2 
 .rodata.ExtRateIn
                0x1a002bb0        0x4 ./out/lib/ext_drivers.a(sysinit.o)
                0x1a002bb0                ExtRateIn
 .rodata.OscRateIn
                0x1a002bb4        0x4 ./out/lib/ext_drivers.a(sysinit.o)
                0x1a002bb4                OscRateIn
 .rodata.InitClkStates
                0x1a002bb8       0x48 ./out/lib/ext_drivers.a(sysinit_18xx_43xx.o)
 .rodata        0x1a002c00        0xa ./out/lib/ext_drivers.a(clock_18xx_43xx.o)
                0x1a002c0c                . = ALIGN (0x4)
 *fill*         0x1a002c0a        0x2 ff

.glue_7         0x1a002c0c        0x0
 .glue_7        0x00000000        0x0 linker stubs

.glue_7t        0x1a002c0c        0x0
 .glue_7t       0x00000000        0x0 linker stubs

.vfp11_veneer   0x1a002c0c        0x0
 .vfp11_veneer  0x00000000        0x0 linker stubs

.v4_bx          0x1a002c0c        0x0
 .v4_bx         0x00000000        0x0 linker stubs

.iplt           0x1a002c0c        0x0
 .iplt          0x00000000        0x0 ./out/obj/vector.o

.rel.dyn        0x1a002c0c        0x0
 .rel.iplt      0x00000000        0x0 ./out/obj/vector.o

.ARM.extab
 *(.ARM.extab* .gnu.linkonce.armextab.*)
                0x1a002c0c                __exidx_start = .

.ARM.exidx
 *(.ARM.exidx* .gnu.linkonce.armexidx.*)
                0x1a002c0c                __exidx_end = .
                0x1a002c0c                _etext = .

.data_RAM2      0x10080000        0x0 load address 0x1a002c0c
 FILL mask 0xff
 *(.ramfunc.$RAM2)
 *(.ramfunc.$RamLoc40)
 *(.data.$RAM2*)
 *(.data.$RamLoc40*)
                0x10080000                . = ALIGN (0x4)

.data_RAM3      0x20000000        0x0 load address 0x1a002c0c
 FILL mask 0xff
 *(.ramfunc.$RAM3)
 *(.ramfunc.$RamAHB32)
 *(.data.$RAM3*)
 *(.data.$RamAHB32*)
                0x20000000                . = ALIGN (0x4)

.data_RAM4      0x20008000        0x0 load address 0x1a002c0c
 FILL mask 0xff
 *(.ramfunc.$RAM4)
 *(.ramfunc.$RamAHB16)
 *(.data.$RAM4*)
 *(.data.$RamAHB16*)
                0x20008000                . = ALIGN (0x4)

.data_RAM5      0x2000c000        0x0 load address 0x1a002c0c
 FILL mask 0xff
 *(.ramfunc.$RAM5)
 *(.ramfunc.$RamAHB_ETB16)
 *(.data.$RAM5*)
 *(.data.$RamAHB_ETB16*)
                0x2000c000                . = ALIGN (0x4)

.uninit_RESERVED
                0x10000000        0x0
 *(.bss.$RESERVED*)
                0x10000000                . = ALIGN (0x4)
                0x10000000                _end_uninit_RESERVED = .

.data           0x10000000        0x0 load address 0x1a002c0c
 FILL mask 0xff
                0x10000000                _data = .
 *(vtable)
 *(.ramfunc*)
 *(.data*)
                0x10000000                . = ALIGN (0x4)
                0x10000000                _edata = .

.igot.plt       0x10000000        0x0 load address 0x1a002c0c
 .igot.plt      0x00000000        0x0 ./out/obj/vector.o

.bss_RAM2       0x10080000        0x0
 *(.bss.$RAM2*)
 *(.bss.$RamLoc40*)
                0x10080000                . = ALIGN (0x4)

.bss_RAM3       0x20000000        0x0
 *(.bss.$RAM3*)
 *(.bss.$RamAHB32*)
                0x20000000                . = ALIGN (0x4)

.bss_RAM4       0x20008000        0x0
 *(.bss.$RAM4*)
 *(.bss.$RamAHB16*)
                0x20008000                . = ALIGN (0x4)

.bss_RAM5       0x2000c000        0x0
 *(.bss.$RAM5*)
 *(.bss.$RamAHB_ETB16*)
                0x2000c000                . = ALIGN (0x4)

.bss            0x10000000      0xd58
                0x10000000                _bss = .
 *(.bss*)
 .bss.__GLCD_Coord
                0x10000000        0x3 ./out/lib/drivers_bm.a(GLCDFonts.o)
 *fill*         0x10000003        0x1 
 .bss.Font      0x10000004        0x4 ./out/lib/drivers_bm.a(GLCDFonts.o)
 .bss.FontColor
                0x10000008        0x1 ./out/lib/drivers_bm.a(GLCDFonts.o)
 *fill*         0x10000009        0x3 
 .bss.audio_usb_pll_freq
                0x1000000c        0x8 ./out/lib/ext_drivers.a(clock_18xx_43xx.o)
 *(COMMON)
 COMMON         0x10000014      0x408 ./out/obj/Test3LCD.o
                0x10000014                GUI_Malloc_Pointer
                0x10000018                GUI_Free_Pointer
                0x1000001c                GLCDLowLevel_VideoRAM
 COMMON         0x1000041c      0x938 ./out/lib/drivers_bm.a(window.o)
                0x1000041c                ActiveWindow
                0x10000420                WIndex
 COMMON         0x10000d54        0x4 ./out/lib/drivers_bm.a(GLCDLowLevel.o)
                0x10000d54                _delayCounter
                0x10000d58                . = ALIGN (0x4)
                0x10000d58                _ebss = .
                0x10000d58                PROVIDE (end, .)

.noinit_RAM2    0x10080000        0x0
 *(.noinit.$RAM2*)
 *(.noinit.$RamLoc40*)
                0x10080000                . = ALIGN (0x4)

.noinit_RAM3    0x20000000        0x0
 *(.noinit.$RAM3*)
 *(.noinit.$RamAHB32*)
                0x20000000                . = ALIGN (0x4)

.noinit_RAM4    0x20008000        0x0
 *(.noinit.$RAM4*)
 *(.noinit.$RamAHB16*)
                0x20008000                . = ALIGN (0x4)

.noinit_RAM5    0x2000c000        0x0
 *(.noinit.$RAM5*)
 *(.noinit.$RamAHB_ETB16*)
                0x2000c000                . = ALIGN (0x4)

.noinit         0x10000d58        0x0
                0x10000d58                _noinit = .
 *(.noinit*)
                0x10000d58                . = ALIGN (0x4)
                0x10000d58                _end_noinit = .
                0x10000d58                PROVIDE (_pvHeapStart, .)
                0x10008000                PROVIDE (_vStackTop, (__top_RamLoc32 - 0x0))
OUTPUT(./out/bin/10_Test_Display3.axf elf32-littlearm)

.debug_info     0x00000000     0x5e22
 .debug_info    0x00000000      0x158 ./out/obj/vector.o
 .debug_info    0x00000158      0x826 ./out/obj/Test3LCD.o
 .debug_info    0x0000097e       0x3f ./out/obj/crp.o
 .debug_info    0x000009bd      0x90b ./out/lib/drivers_bm.a(window.o)
 .debug_info    0x000012c8      0x17a ./out/lib/drivers_bm.a(GLCDLowLevel.o)
 .debug_info    0x00001442      0x1e9 ./out/lib/drivers_bm.a(GLCDgui.o)
 .debug_info    0x0000162b      0xa03 ./out/lib/drivers_bm.a(MicroInterface.o)
 .debug_info    0x0000202e      0x2f6 ./out/lib/drivers_bm.a(text.o)
 .debug_info    0x00002324      0x27b ./out/lib/drivers_bm.a(picture.o)
 .debug_info    0x0000259f      0x58b ./out/lib/drivers_bm.a(GLCDFonts.o)
 .debug_info    0x00002b2a      0x45b ./out/lib/drivers_bm.a(GLCDPrimitives.o)
 .debug_info    0x00002f85      0x2f8 ./out/lib/drivers_bm.a(button.o)
 .debug_info    0x0000327d      0x44c ./out/lib/ext_drivers.a(gpio_18xx_43xx.o)
 .debug_info    0x000036c9      0x1c3 ./out/lib/ext_drivers.a(cr_startup_lpc43xx.o)
 .debug_info    0x0000388c      0x5c0 ./out/lib/ext_drivers.a(sysinit.o)
 .debug_info    0x00003e4c      0x145 ./out/lib/ext_drivers.a(fpu_init.o)
 .debug_info    0x00003f91      0x902 ./out/lib/ext_drivers.a(sysinit_18xx_43xx.o)
 .debug_info    0x00004893     0x158f ./out/lib/ext_drivers.a(clock_18xx_43xx.o)

.debug_abbrev   0x00000000     0x144a
 .debug_abbrev  0x00000000       0x7d ./out/obj/vector.o
 .debug_abbrev  0x0000007d      0x100 ./out/obj/Test3LCD.o
 .debug_abbrev  0x0000017d       0x36 ./out/obj/crp.o
 .debug_abbrev  0x000001b3      0x1b3 ./out/lib/drivers_bm.a(window.o)
 .debug_abbrev  0x00000366       0xc5 ./out/lib/drivers_bm.a(GLCDLowLevel.o)
 .debug_abbrev  0x0000042b      0x13e ./out/lib/drivers_bm.a(GLCDgui.o)
 .debug_abbrev  0x00000569      0x1a7 ./out/lib/drivers_bm.a(MicroInterface.o)
 .debug_abbrev  0x00000710      0x101 ./out/lib/drivers_bm.a(text.o)
 .debug_abbrev  0x00000811       0xdb ./out/lib/drivers_bm.a(picture.o)
 .debug_abbrev  0x000008ec      0x1e5 ./out/lib/drivers_bm.a(GLCDFonts.o)
 .debug_abbrev  0x00000ad1      0x156 ./out/lib/drivers_bm.a(GLCDPrimitives.o)
 .debug_abbrev  0x00000c27       0xcc ./out/lib/drivers_bm.a(button.o)
 .debug_abbrev  0x00000cf3      0x111 ./out/lib/ext_drivers.a(gpio_18xx_43xx.o)
 .debug_abbrev  0x00000e04       0xc0 ./out/lib/ext_drivers.a(cr_startup_lpc43xx.o)
 .debug_abbrev  0x00000ec4       0xc1 ./out/lib/ext_drivers.a(sysinit.o)
 .debug_abbrev  0x00000f85       0x84 ./out/lib/ext_drivers.a(fpu_init.o)
 .debug_abbrev  0x00001009      0x181 ./out/lib/ext_drivers.a(sysinit_18xx_43xx.o)
 .debug_abbrev  0x0000118a      0x2c0 ./out/lib/ext_drivers.a(clock_18xx_43xx.o)

.debug_aranges  0x00000000      0x580
 .debug_aranges
                0x00000000       0x68 ./out/obj/vector.o
 .debug_aranges
                0x00000068       0x20 ./out/obj/Test3LCD.o
 .debug_aranges
                0x00000088       0x18 ./out/obj/crp.o
 .debug_aranges
                0x000000a0       0x70 ./out/lib/drivers_bm.a(window.o)
 .debug_aranges
                0x00000110       0x30 ./out/lib/drivers_bm.a(GLCDLowLevel.o)
 .debug_aranges
                0x00000140       0x40 ./out/lib/drivers_bm.a(GLCDgui.o)
 .debug_aranges
                0x00000180       0x60 ./out/lib/drivers_bm.a(MicroInterface.o)
 .debug_aranges
                0x000001e0       0x28 ./out/lib/drivers_bm.a(text.o)
 .debug_aranges
                0x00000208       0x28 ./out/lib/drivers_bm.a(picture.o)
 .debug_aranges
                0x00000230       0x70 ./out/lib/drivers_bm.a(GLCDFonts.o)
 .debug_aranges
                0x000002a0       0x58 ./out/lib/drivers_bm.a(GLCDPrimitives.o)
 .debug_aranges
                0x000002f8       0x28 ./out/lib/drivers_bm.a(button.o)
 .debug_aranges
                0x00000320       0x68 ./out/lib/ext_drivers.a(gpio_18xx_43xx.o)
 .debug_aranges
                0x00000388       0x30 ./out/lib/ext_drivers.a(cr_startup_lpc43xx.o)
 .debug_aranges
                0x000003b8       0x20 ./out/lib/ext_drivers.a(sysinit.o)
 .debug_aranges
                0x000003d8       0x20 ./out/lib/ext_drivers.a(fpu_init.o)
 .debug_aranges
                0x000003f8       0x50 ./out/lib/ext_drivers.a(sysinit_18xx_43xx.o)
 .debug_aranges
                0x00000448      0x138 ./out/lib/ext_drivers.a(clock_18xx_43xx.o)

.debug_ranges   0x00000000      0x458
 .debug_ranges  0x00000000       0x58 ./out/obj/vector.o
 .debug_ranges  0x00000058       0x10 ./out/obj/Test3LCD.o
 .debug_ranges  0x00000068       0x60 ./out/lib/drivers_bm.a(window.o)
 .debug_ranges  0x000000c8       0x20 ./out/lib/drivers_bm.a(GLCDLowLevel.o)
 .debug_ranges  0x000000e8       0x30 ./out/lib/drivers_bm.a(GLCDgui.o)
 .debug_ranges  0x00000118       0x50 ./out/lib/drivers_bm.a(MicroInterface.o)
 .debug_ranges  0x00000168       0x18 ./out/lib/drivers_bm.a(text.o)
 .debug_ranges  0x00000180       0x18 ./out/lib/drivers_bm.a(picture.o)
 .debug_ranges  0x00000198       0x60 ./out/lib/drivers_bm.a(GLCDFonts.o)
 .debug_ranges  0x000001f8       0x48 ./out/lib/drivers_bm.a(GLCDPrimitives.o)
 .debug_ranges  0x00000240       0x18 ./out/lib/drivers_bm.a(button.o)
 .debug_ranges  0x00000258       0x58 ./out/lib/ext_drivers.a(gpio_18xx_43xx.o)
 .debug_ranges  0x000002b0       0x20 ./out/lib/ext_drivers.a(cr_startup_lpc43xx.o)
 .debug_ranges  0x000002d0       0x10 ./out/lib/ext_drivers.a(sysinit.o)
 .debug_ranges  0x000002e0       0x10 ./out/lib/ext_drivers.a(fpu_init.o)
 .debug_ranges  0x000002f0       0x40 ./out/lib/ext_drivers.a(sysinit_18xx_43xx.o)
 .debug_ranges  0x00000330      0x128 ./out/lib/ext_drivers.a(clock_18xx_43xx.o)

.debug_macro    0x00000000     0x66a5
 .debug_macro   0x00000000       0x63 ./out/obj/vector.o
 .debug_macro   0x00000063      0x886 ./out/obj/vector.o
 .debug_macro   0x000008e9       0x22 ./out/obj/vector.o
 .debug_macro   0x0000090b       0x44 ./out/obj/vector.o
 .debug_macro   0x0000094f       0x58 ./out/obj/vector.o
 .debug_macro   0x000009a7       0x22 ./out/obj/vector.o
 .debug_macro   0x000009c9      0x1df ./out/obj/vector.o
 .debug_macro   0x00000ba8       0x10 ./out/obj/vector.o
 .debug_macro   0x00000bb8      0x470 ./out/obj/Test3LCD.o
 .debug_macro   0x00001028       0x10 ./out/obj/Test3LCD.o
 .debug_macro   0x00001038       0x22 ./out/obj/Test3LCD.o
 .debug_macro   0x0000105a       0x66 ./out/obj/Test3LCD.o
 .debug_macro   0x000010c0       0x28 ./out/obj/Test3LCD.o
 .debug_macro   0x000010e8       0x3b ./out/obj/Test3LCD.o
 .debug_macro   0x00001123       0x2d ./out/obj/Test3LCD.o
 .debug_macro   0x00001150       0x42 ./out/obj/Test3LCD.o
 .debug_macro   0x00001192      0xd39 ./out/obj/Test3LCD.o
 .debug_macro   0x00001ecb      0x2bc ./out/obj/Test3LCD.o
 .debug_macro   0x00002187      0x112 ./out/obj/Test3LCD.o
 .debug_macro   0x00002299       0x11 ./out/obj/Test3LCD.o
 .debug_macro   0x000022aa       0x2a ./out/obj/Test3LCD.o
 .debug_macro   0x000022d4       0x16 ./out/obj/Test3LCD.o
 .debug_macro   0x000022ea      0x2e6 ./out/obj/Test3LCD.o
 .debug_macro   0x000025d0       0x82 ./out/obj/Test3LCD.o
 .debug_macro   0x00002652      0x13d ./out/obj/Test3LCD.o
 .debug_macro   0x0000278f      0x198 ./out/obj/Test3LCD.o
 .debug_macro   0x00002927       0x34 ./out/obj/Test3LCD.o
 .debug_macro   0x0000295b       0x58 ./out/obj/Test3LCD.o
 .debug_macro   0x000029b3      0x236 ./out/obj/Test3LCD.o
 .debug_macro   0x00002be9      0x572 ./out/obj/Test3LCD.o
 .debug_macro   0x0000315b       0x16 ./out/obj/Test3LCD.o
 .debug_macro   0x00003171      0x18a ./out/obj/Test3LCD.o
 .debug_macro   0x000032fb       0x88 ./out/obj/Test3LCD.o
 .debug_macro   0x00003383      0x1b9 ./out/obj/Test3LCD.o
 .debug_macro   0x0000353c      0x1da ./out/obj/Test3LCD.o
 .debug_macro   0x00003716       0x40 ./out/obj/Test3LCD.o
 .debug_macro   0x00003756       0x1c ./out/obj/Test3LCD.o
 .debug_macro   0x00003772       0x2e ./out/obj/Test3LCD.o
 .debug_macro   0x000037a0       0x2e ./out/obj/Test3LCD.o
 .debug_macro   0x000037ce       0x22 ./out/obj/Test3LCD.o
 .debug_macro   0x000037f0      0x201 ./out/obj/Test3LCD.o
 .debug_macro   0x000039f1       0xe0 ./out/obj/Test3LCD.o
 .debug_macro   0x00003ad1      0x34c ./out/obj/Test3LCD.o
 .debug_macro   0x00003e1d       0xdc ./out/obj/Test3LCD.o
 .debug_macro   0x00003ef9       0xc4 ./out/obj/Test3LCD.o
 .debug_macro   0x00003fbd       0x94 ./out/obj/Test3LCD.o
 .debug_macro   0x00004051       0xb8 ./out/obj/Test3LCD.o
 .debug_macro   0x00004109       0x4c ./out/obj/Test3LCD.o
 .debug_macro   0x00004155       0x16 ./out/obj/Test3LCD.o
 .debug_macro   0x0000416b      0x328 ./out/obj/Test3LCD.o
 .debug_macro   0x00004493       0x3a ./out/obj/Test3LCD.o
 .debug_macro   0x000044cd       0xd0 ./out/obj/Test3LCD.o
 .debug_macro   0x0000459d       0x18 ./out/obj/Test3LCD.o
 .debug_macro   0x000045b5       0x22 ./out/obj/Test3LCD.o
 .debug_macro   0x000045d7       0x40 ./out/obj/Test3LCD.o
 .debug_macro   0x00004617       0x10 ./out/obj/Test3LCD.o
 .debug_macro   0x00004627       0x76 ./out/obj/Test3LCD.o
 .debug_macro   0x0000469d       0x1c ./out/obj/Test3LCD.o
 .debug_macro   0x000046b9       0x10 ./out/obj/Test3LCD.o
 .debug_macro   0x000046c9       0x28 ./out/obj/Test3LCD.o
 .debug_macro   0x000046f1       0x22 ./out/obj/Test3LCD.o
 .debug_macro   0x00004713       0x16 ./out/obj/Test3LCD.o
 .debug_macro   0x00004729       0x16 ./out/obj/Test3LCD.o
 .debug_macro   0x0000473f       0x1c ./out/obj/Test3LCD.o
 .debug_macro   0x0000475b       0x4c ./out/obj/Test3LCD.o
 .debug_macro   0x000047a7       0x2e ./out/obj/Test3LCD.o
 .debug_macro   0x000047d5       0x58 ./out/obj/Test3LCD.o
 .debug_macro   0x0000482d       0x35 ./out/obj/Test3LCD.o
 .debug_macro   0x00004862       0x9c ./out/obj/Test3LCD.o
 .debug_macro   0x000048fe      0x166 ./out/obj/Test3LCD.o
 .debug_macro   0x00004a64       0x52 ./out/obj/Test3LCD.o
 .debug_macro   0x00004ab6       0x16 ./out/obj/Test3LCD.o
 .debug_macro   0x00004acc       0x43 ./out/obj/Test3LCD.o
 .debug_macro   0x00004b0f      0x180 ./out/obj/Test3LCD.o
 .debug_macro   0x00004c8f      0x29d ./out/obj/Test3LCD.o
 .debug_macro   0x00004f2c       0x10 ./out/obj/Test3LCD.o
 .debug_macro   0x00004f3c       0x35 ./out/obj/Test3LCD.o
 .debug_macro   0x00004f71       0x17 ./out/obj/crp.o
 .debug_macro   0x00004f88      0x198 ./out/lib/drivers_bm.a(window.o)
 .debug_macro   0x00005120       0x66 ./out/lib/drivers_bm.a(GLCDLowLevel.o)
 .debug_macro   0x00005186       0x76 ./out/lib/drivers_bm.a(GLCDLowLevel.o)
 .debug_macro   0x000051fc       0xb0 ./out/lib/drivers_bm.a(GLCDgui.o)
 .debug_macro   0x000052ac      0x2fb ./out/lib/drivers_bm.a(MicroInterface.o)
 .debug_macro   0x000055a7       0xed ./out/lib/drivers_bm.a(text.o)
 .debug_macro   0x00005694       0x9a ./out/lib/drivers_bm.a(picture.o)
 .debug_macro   0x0000572e       0x16 ./out/lib/drivers_bm.a(picture.o)
 .debug_macro   0x00005744       0x84 ./out/lib/drivers_bm.a(GLCDFonts.o)
 .debug_macro   0x000057c8       0x79 ./out/lib/drivers_bm.a(GLCDPrimitives.o)
 .debug_macro   0x00005841      0x151 ./out/lib/drivers_bm.a(button.o)
 .debug_macro   0x00005992       0x4a ./out/lib/drivers_bm.a(button.o)
 .debug_macro   0x000059dc      0x2f2 ./out/lib/ext_drivers.a(gpio_18xx_43xx.o)
 .debug_macro   0x00005cce       0x23 ./out/lib/ext_drivers.a(cr_startup_lpc43xx.o)
 .debug_macro   0x00005cf1      0x2f2 ./out/lib/ext_drivers.a(sysinit.o)
 .debug_macro   0x00005fe3       0xd8 ./out/lib/ext_drivers.a(fpu_init.o)
 .debug_macro   0x000060bb      0x2f2 ./out/lib/ext_drivers.a(sysinit_18xx_43xx.o)
 .debug_macro   0x000063ad      0x2f8 ./out/lib/ext_drivers.a(clock_18xx_43xx.o)

.debug_line     0x00000000     0x4dc9
 .debug_line    0x00000000      0x200 ./out/obj/vector.o
 .debug_line    0x00000200      0x82a ./out/obj/Test3LCD.o
 .debug_line    0x00000a2a       0x4a ./out/obj/crp.o
 .debug_line    0x00000a74      0x4b4 ./out/lib/drivers_bm.a(window.o)
 .debug_line    0x00000f28      0x27b ./out/lib/drivers_bm.a(GLCDLowLevel.o)
 .debug_line    0x000011a3      0x26d ./out/lib/drivers_bm.a(GLCDgui.o)
 .debug_line    0x00001410      0x75a ./out/lib/drivers_bm.a(MicroInterface.o)
 .debug_line    0x00001b6a      0x290 ./out/lib/drivers_bm.a(text.o)
 .debug_line    0x00001dfa      0x22e ./out/lib/drivers_bm.a(picture.o)
 .debug_line    0x00002028      0x3f8 ./out/lib/drivers_bm.a(GLCDFonts.o)
 .debug_line    0x00002420      0x3ca ./out/lib/drivers_bm.a(GLCDPrimitives.o)
 .debug_line    0x000027ea      0x2c7 ./out/lib/drivers_bm.a(button.o)
 .debug_line    0x00002ab1      0x728 ./out/lib/ext_drivers.a(gpio_18xx_43xx.o)
 .debug_line    0x000031d9       0xe1 ./out/lib/ext_drivers.a(cr_startup_lpc43xx.o)
 .debug_line    0x000032ba      0x66f ./out/lib/ext_drivers.a(sysinit.o)
 .debug_line    0x00003929      0x287 ./out/lib/ext_drivers.a(fpu_init.o)
 .debug_line    0x00003bb0      0x749 ./out/lib/ext_drivers.a(sysinit_18xx_43xx.o)
 .debug_line    0x000042f9      0xad0 ./out/lib/ext_drivers.a(clock_18xx_43xx.o)

.debug_str      0x00000000    0x18dcb
 .debug_str     0x00000000     0x2fcc ./out/obj/vector.o
                               0x311d (size before relaxing)
 .debug_str     0x00002fcc    0x1489b ./out/obj/Test3LCD.o
                              0x179fe (size before relaxing)
 .debug_str     0x00017867       0x49 ./out/obj/crp.o
                               0x24d8 (size before relaxing)
 .debug_str     0x000178b0      0x24d ./out/lib/drivers_bm.a(window.o)
                               0x5d1b (size before relaxing)
 .debug_str     0x00017afd       0x8d ./out/lib/drivers_bm.a(GLCDLowLevel.o)
                               0x330b (size before relaxing)
 .debug_str     0x00017b8a       0xa9 ./out/lib/drivers_bm.a(GLCDgui.o)
                               0x3286 (size before relaxing)
 .debug_str     0x00017c33      0x1a3 ./out/lib/drivers_bm.a(MicroInterface.o)
                              0x150a0 (size before relaxing)
 .debug_str     0x00017dd6       0x44 ./out/lib/drivers_bm.a(text.o)
                               0x3667 (size before relaxing)
 .debug_str     0x00017e1a       0x46 ./out/lib/drivers_bm.a(picture.o)
                               0x3522 (size before relaxing)
 .debug_str     0x00017e60      0x116 ./out/lib/drivers_bm.a(GLCDFonts.o)
                               0x3573 (size before relaxing)
 .debug_str     0x00017f76      0x111 ./out/lib/drivers_bm.a(GLCDPrimitives.o)
                               0x349b (size before relaxing)
 .debug_str     0x00018087       0x73 ./out/lib/drivers_bm.a(button.o)
                               0x5a6f (size before relaxing)
 .debug_str     0x000180fa      0x11d ./out/lib/ext_drivers.a(gpio_18xx_43xx.o)
                              0x14560 (size before relaxing)
 .debug_str     0x00018217      0x166 ./out/lib/ext_drivers.a(cr_startup_lpc43xx.o)
                               0x260d (size before relaxing)
 .debug_str     0x0001837d       0x45 ./out/lib/ext_drivers.a(sysinit.o)
                              0x14e5d (size before relaxing)
 .debug_str     0x000183c2       0xd5 ./out/lib/ext_drivers.a(fpu_init.o)
                               0x8cf3 (size before relaxing)
 .debug_str     0x00018497      0x30d ./out/lib/ext_drivers.a(sysinit_18xx_43xx.o)
                              0x15123 (size before relaxing)
 .debug_str     0x000187a4      0x627 ./out/lib/ext_drivers.a(clock_18xx_43xx.o)
                              0x156e1 (size before relaxing)

.comment        0x00000000       0x70
 .comment       0x00000000       0x70 ./out/obj/vector.o
                                 0x71 (size before relaxing)
 .comment       0x00000000       0x71 ./out/obj/Test3LCD.o
 .comment       0x00000000       0x71 ./out/obj/crp.o
 .comment       0x00000000       0x71 ./out/lib/drivers_bm.a(window.o)
 .comment       0x00000000       0x71 ./out/lib/drivers_bm.a(GLCDLowLevel.o)
 .comment       0x00000000       0x71 ./out/lib/drivers_bm.a(GLCDgui.o)
 .comment       0x00000000       0x71 ./out/lib/drivers_bm.a(MicroInterface.o)
 .comment       0x00000000       0x71 ./out/lib/drivers_bm.a(text.o)
 .comment       0x00000000       0x71 ./out/lib/drivers_bm.a(picture.o)
 .comment       0x00000000       0x71 ./out/lib/drivers_bm.a(GLCDFonts.o)
 .comment       0x00000000       0x71 ./out/lib/drivers_bm.a(GLCDPrimitives.o)
 .comment       0x00000000       0x71 ./out/lib/drivers_bm.a(button.o)
 .comment       0x00000000       0x71 ./out/lib/ext_drivers.a(gpio_18xx_43xx.o)
 .comment       0x00000000       0x71 ./out/lib/ext_drivers.a(cr_startup_lpc43xx.o)
 .comment       0x00000000       0x71 ./out/lib/ext_drivers.a(sysinit.o)
 .comment       0x00000000       0x71 ./out/lib/ext_drivers.a(fpu_init.o)
 .comment       0x00000000       0x71 ./out/lib/ext_drivers.a(sysinit_18xx_43xx.o)
 .comment       0x00000000       0x71 ./out/lib/ext_drivers.a(clock_18xx_43xx.o)

.ARM.attributes
                0x00000000       0x35
 .ARM.attributes
                0x00000000       0x37 ./out/obj/vector.o
 .ARM.attributes
                0x00000037       0x37 ./out/obj/Test3LCD.o
 .ARM.attributes
                0x0000006e       0x37 ./out/obj/crp.o
 .ARM.attributes
                0x000000a5       0x37 ./out/lib/drivers_bm.a(window.o)
 .ARM.attributes
                0x000000dc       0x37 ./out/lib/drivers_bm.a(GLCDLowLevel.o)
 .ARM.attributes
                0x00000113       0x37 ./out/lib/drivers_bm.a(GLCDgui.o)
 .ARM.attributes
                0x0000014a       0x37 ./out/lib/drivers_bm.a(MicroInterface.o)
 .ARM.attributes
                0x00000181       0x37 ./out/lib/drivers_bm.a(text.o)
 .ARM.attributes
                0x000001b8       0x37 ./out/lib/drivers_bm.a(picture.o)
 .ARM.attributes
                0x000001ef       0x37 ./out/lib/drivers_bm.a(GLCDFonts.o)
 .ARM.attributes
                0x00000226       0x37 ./out/lib/drivers_bm.a(GLCDPrimitives.o)
 .ARM.attributes
                0x0000025d       0x37 ./out/lib/drivers_bm.a(button.o)
 .ARM.attributes
                0x00000294       0x37 ./out/lib/ext_drivers.a(gpio_18xx_43xx.o)
 .ARM.attributes
                0x000002cb       0x37 ./out/lib/ext_drivers.a(cr_startup_lpc43xx.o)
 .ARM.attributes
                0x00000302       0x37 ./out/lib/ext_drivers.a(sysinit.o)
 .ARM.attributes
                0x00000339       0x37 ./out/lib/ext_drivers.a(fpu_init.o)
 .ARM.attributes
                0x00000370       0x37 ./out/lib/ext_drivers.a(sysinit_18xx_43xx.o)
 .ARM.attributes
                0x000003a7       0x37 ./out/lib/ext_drivers.a(clock_18xx_43xx.o)
 .ARM.attributes
                0x000003de       0x32 c:/ciaa/cygwin/usr/arm-none-eabi/bin/../lib/gcc/arm-none-eabi/4.9.3/../../../../arm-none-eabi/lib/armv7e-m/softfp\libc.a(lib_a-memset.o)
 .ARM.attributes
                0x00000410       0x20 c:/ciaa/cygwin/usr/arm-none-eabi/bin/../lib/gcc/arm-none-eabi/4.9.3/../../../../arm-none-eabi/lib/armv7e-m/softfp\libc.a(lib_a-strcmp.o)
 .ARM.attributes
                0x00000430       0x32 c:/ciaa/cygwin/usr/arm-none-eabi/bin/../lib/gcc/arm-none-eabi/4.9.3/../../../../arm-none-eabi/lib/armv7e-m/softfp\libc.a(lib_a-strlen.o)
 .ARM.attributes
                0x00000462       0x32 c:/ciaa/cygwin/usr/arm-none-eabi/bin/../lib/gcc/arm-none-eabi/4.9.3/../../../../arm-none-eabi/lib/armv7e-m/softfp\libc.a(lib_a-strncpy.o)

.debug_frame    0x00000000     0x1300
 .debug_frame   0x00000000      0x108 ./out/obj/vector.o
 .debug_frame   0x00000108       0x30 ./out/obj/Test3LCD.o
 .debug_frame   0x00000138      0x1b0 ./out/lib/drivers_bm.a(window.o)
 .debug_frame   0x000002e8       0x7c ./out/lib/drivers_bm.a(GLCDLowLevel.o)
 .debug_frame   0x00000364       0xc4 ./out/lib/drivers_bm.a(GLCDgui.o)
 .debug_frame   0x00000428      0x160 ./out/lib/drivers_bm.a(MicroInterface.o)
 .debug_frame   0x00000588       0x58 ./out/lib/drivers_bm.a(text.o)
 .debug_frame   0x000005e0       0x58 ./out/lib/drivers_bm.a(picture.o)
 .debug_frame   0x00000638      0x1b0 ./out/lib/drivers_bm.a(GLCDFonts.o)
 .debug_frame   0x000007e8      0x154 ./out/lib/drivers_bm.a(GLCDPrimitives.o)
 .debug_frame   0x0000093c       0x5c ./out/lib/drivers_bm.a(button.o)
 .debug_frame   0x00000998      0x198 ./out/lib/ext_drivers.a(gpio_18xx_43xx.o)
 .debug_frame   0x00000b30       0x80 ./out/lib/ext_drivers.a(cr_startup_lpc43xx.o)
 .debug_frame   0x00000bb0       0x34 ./out/lib/ext_drivers.a(sysinit.o)
 .debug_frame   0x00000be4       0x38 ./out/lib/ext_drivers.a(fpu_init.o)
 .debug_frame   0x00000c1c       0xf4 ./out/lib/ext_drivers.a(sysinit_18xx_43xx.o)
 .debug_frame   0x00000d10      0x568 ./out/lib/ext_drivers.a(clock_18xx_43xx.o)
 .debug_frame   0x00001278       0x34 c:/ciaa/cygwin/usr/arm-none-eabi/bin/../lib/gcc/arm-none-eabi/4.9.3/../../../../arm-none-eabi/lib/armv7e-m/softfp\libc.a(lib_a-memset.o)
 .debug_frame   0x000012ac       0x20 c:/ciaa/cygwin/usr/arm-none-eabi/bin/../lib/gcc/arm-none-eabi/4.9.3/../../../../arm-none-eabi/lib/armv7e-m/softfp\libc.a(lib_a-strlen.o)
 .debug_frame   0x000012cc       0x34 c:/ciaa/cygwin/usr/arm-none-eabi/bin/../lib/gcc/arm-none-eabi/4.9.3/../../../../arm-none-eabi/lib/armv7e-m/softfp\libc.a(lib_a-strncpy.o)
