Archive member included because of file (symbol)

./out/lib/drivers_bm.a(timer.o)
                              ./out/obj/STGAA_app.o (RIT_Init)
./out/lib/drivers_bm.a(Sensor2.o)
                              ./out/obj/STGAA_app.o (SNS_Init)
./out/lib/drivers_bm.a(ccan.o)
                              ./out/lib/drivers_bm.a(Sensor2.o) (CCAN0_PORT_Init)
./out/lib/drivers_bm.a(led.o)
                              ./out/obj/STGAA_app.o (InitGPIO_EDUCIAA_Leds)
./out/lib/drivers_bm.a(Descriptors.o)
                              ./out/lib/drivers_bm.a(Sensor2.o) (DSC_AddSensorToList)
./out/lib/drivers_bm.a(teclas.o)
                              ./out/obj/STGAA_app.o (InitGPIO_EDUCIAA_Teclas)
./out/lib/drivers_bm.a(Environmental.o)
                              ./out/lib/drivers_bm.a(Sensor2.o) (ENV_SetEnvironmental)
./out/lib/drivers_bm.a(Display.o)
                              ./out/obj/STGAA_app.o (DSP_Init)
./out/lib/drivers_bm.a(window.o)
                              ./out/lib/drivers_bm.a(Display.o) (GUI_Window_ListInit)
./out/lib/drivers_bm.a(GLCDLowLevel.o)
                              ./out/lib/drivers_bm.a(window.o) (GLCDLowLevel_SwapBuffer)
./out/lib/drivers_bm.a(GLCDgui.o)
                              ./out/lib/drivers_bm.a(Display.o) (GUI_StartLibrary)
./out/lib/drivers_bm.a(MicroInterface.o)
                              ./out/lib/drivers_bm.a(GLCDLowLevel.o) (MicroInterface_Init)
./out/lib/drivers_bm.a(text.o)
                              ./out/lib/drivers_bm.a(window.o) (GUI_Text_Create)
./out/lib/drivers_bm.a(picture.o)
                              ./out/lib/drivers_bm.a(window.o) (GUI_Picture_Create)
./out/lib/drivers_bm.a(GLCDFonts.o)
                              ./out/lib/drivers_bm.a(window.o) (GLCD_SelectFont)
./out/lib/drivers_bm.a(GLCDPrimitives.o)
                              ./out/lib/drivers_bm.a(window.o) (GLCDPrimitives_ClearScreen)
./out/lib/drivers_bm.a(button.o)
                              ./out/lib/drivers_bm.a(window.o) (GUI_Button_Create)
./out/lib/ext_drivers.a(gpio_18xx_43xx.o)
                              ./out/lib/drivers_bm.a(led.o) (Chip_GPIO_Init)
./out/lib/ext_drivers.a(chip_18xx_43xx.o)
                              ./out/lib/drivers_bm.a(ccan.o) (SystemCoreClockUpdate)
./out/lib/ext_drivers.a(clock_18xx_43xx.o)
                              ./out/lib/ext_drivers.a(chip_18xx_43xx.o) (Chip_Clock_GetClockInputHz)
./out/lib/ext_drivers.a(sysinit.o)
                              ./out/lib/ext_drivers.a(clock_18xx_43xx.o) (ExtRateIn)
./out/lib/ext_drivers.a(ritimer_18xx_43xx.o)
                              ./out/lib/drivers_bm.a(timer.o) (Chip_RIT_Init)
./out/lib/ext_drivers.a(cr_startup_lpc43xx.o)
                              ./out/obj/vector.o (ResetISR)
./out/lib/ext_drivers.a(fpu_init.o)
                              ./out/lib/ext_drivers.a(sysinit.o) (fpuInit)
./out/lib/ext_drivers.a(sysinit_18xx_43xx.o)
                              ./out/lib/ext_drivers.a(sysinit.o) (Chip_SystemInit)
./out/lib/ext_drivers.a(ccan_18xx_43xx.o)
                              ./out/lib/drivers_bm.a(ccan.o) (Chip_CCAN_Init)
c:/ciaa/cygwin/usr/arm-none-eabi/bin/../lib/gcc/arm-none-eabi/4.9.3/armv7e-m/softfp\libgcc.a(_arm_addsubdf3.o)
                              ./out/lib/drivers_bm.a(Sensor2.o) (__aeabi_i2d)
c:/ciaa/cygwin/usr/arm-none-eabi/bin/../lib/gcc/arm-none-eabi/4.9.3/armv7e-m/softfp\libgcc.a(_arm_muldivdf3.o)
                              ./out/lib/drivers_bm.a(Sensor2.o) (__aeabi_dmul)
c:/ciaa/cygwin/usr/arm-none-eabi/bin/../lib/gcc/arm-none-eabi/4.9.3/armv7e-m/softfp\libgcc.a(_arm_truncdfsf2.o)
                              ./out/lib/drivers_bm.a(Sensor2.o) (__aeabi_d2f)
c:/ciaa/cygwin/usr/arm-none-eabi/bin/../lib/gcc/arm-none-eabi/4.9.3/../../../../arm-none-eabi/lib/armv7e-m/softfp\libc.a(lib_a-memcpy.o)
                              ./out/lib/drivers_bm.a(window.o) (memcpy)
c:/ciaa/cygwin/usr/arm-none-eabi/bin/../lib/gcc/arm-none-eabi/4.9.3/../../../../arm-none-eabi/lib/armv7e-m/softfp\libc.a(lib_a-memset.o)
                              ./out/lib/ext_drivers.a(clock_18xx_43xx.o) (memset)
c:/ciaa/cygwin/usr/arm-none-eabi/bin/../lib/gcc/arm-none-eabi/4.9.3/../../../../arm-none-eabi/lib/armv7e-m/softfp\libc.a(lib_a-strcat.o)
                              ./out/lib/drivers_bm.a(Display.o) (strcat)
c:/ciaa/cygwin/usr/arm-none-eabi/bin/../lib/gcc/arm-none-eabi/4.9.3/../../../../arm-none-eabi/lib/armv7e-m/softfp\libc.a(lib_a-strcmp.o)
                              ./out/lib/drivers_bm.a(window.o) (strcmp)
c:/ciaa/cygwin/usr/arm-none-eabi/bin/../lib/gcc/arm-none-eabi/4.9.3/../../../../arm-none-eabi/lib/armv7e-m/softfp\libc.a(lib_a-strcpy.o)
                              ./out/lib/drivers_bm.a(text.o) (strcpy)
c:/ciaa/cygwin/usr/arm-none-eabi/bin/../lib/gcc/arm-none-eabi/4.9.3/../../../../arm-none-eabi/lib/armv7e-m/softfp\libc.a(lib_a-strlen.o)
                              ./out/lib/drivers_bm.a(window.o) (strlen)
[...]
Memory Configuration

Name             Origin             Length             Attributes
MFlashA512       0x1a000000         0x00080000         xr
MFlashB512       0x1b000000         0x00080000         xr
RamLoc32         0x10000000         0x00008000         xrw
RamLoc40         0x10080000         0x0000a000         xrw
RamAHB32         0x20000000         0x00008000         xrw
RamAHB16         0x20008000         0x00004000         xrw
RamAHB_ETB16     0x2000c000         0x00004000         xrw
*default*        0x00000000         0xffffffff

Linker script and memory map

LOAD ./out/obj/STGAA_app.o
LOAD ./out/obj/vector.o
LOAD ./out/obj/crp.o
START GROUP
LOAD ./out/lib/drivers_bm.a
LOAD ./out/lib/ext_drivers.a
LOAD ./out/lib/ext_base.a
END GROUP
START GROUP
LOAD c:/ciaa/cygwin/usr/arm-none-eabi/bin/../lib/gcc/arm-none-eabi/4.9.3/armv7e-m/softfp\libgcc.a
LOAD c:/ciaa/cygwin/usr/arm-none-eabi/bin/../lib/gcc/arm-none-eabi/4.9.3/../../../../arm-none-eabi/lib/armv7e-m/softfp\libc.a
LOAD c:/ciaa/cygwin/usr/arm-none-eabi/bin/../lib/gcc/arm-none-eabi/4.9.3/../../../../arm-none-eabi/lib/armv7e-m/softfp\libm.a
END GROUP
                0x1a080000                __top_MFlashA512 = 0x1a080000
                0x1b080000                __top_MFlashB512 = 0x1b080000
                0x10008000                __top_RamLoc32 = 0x10008000
                0x1008a000                __top_RamLoc40 = 0x1008a000
                0x20008000                __top_RamAHB32 = 0x20008000
                0x2000c000                __top_RamAHB16 = 0x2000c000
                0x20010000                __top_RamAHB_ETB16 = 0x20010000

.text_Flash2    0x1b000000        0x0
 FILL mask 0xff
 *(.text_Flash2*)
 *(.text_MFlashB512*)
 *(.text.$Flash2*)
 *(.text.$MFlashB512*)
 *(.rodata.$Flash2*)
 *(.rodata.$MFlashB512*)

.text           0x1a000000     0x5fd8
 FILL mask 0xff
                0x1a000000                __vectors_start__ = ABSOLUTE (.)
 *(.isr_vector)
 .isr_vector    0x1a000000      0x114 ./out/obj/vector.o
                0x1a000000                g_pfnVectors
                0x1a000114                . = ALIGN (0x4)
                0x1a000114                __section_table_start = .
                0x1a000114                __data_section_table = .
                0x1a000114        0x4 LONG 0x1a005fd8 LOADADDR (.data)
                0x1a000118        0x4 LONG 0x10000000 ADDR (.data)
                0x1a00011c        0x4 LONG 0x100 SIZEOF (.data)
                0x1a000120        0x4 LONG 0x1a005fd8 LOADADDR (.data_RAM2)
                0x1a000124        0x4 LONG 0x10080000 ADDR (.data_RAM2)
                0x1a000128        0x4 LONG 0x0 SIZEOF (.data_RAM2)
                0x1a00012c        0x4 LONG 0x1a005fd8 LOADADDR (.data_RAM3)
                0x1a000130        0x4 LONG 0x20000000 ADDR (.data_RAM3)
                0x1a000134        0x4 LONG 0x0 SIZEOF (.data_RAM3)
                0x1a000138        0x4 LONG 0x1a005fd8 LOADADDR (.data_RAM4)
                0x1a00013c        0x4 LONG 0x20008000 ADDR (.data_RAM4)
                0x1a000140        0x4 LONG 0x0 SIZEOF (.data_RAM4)
                0x1a000144        0x4 LONG 0x1a005fd8 LOADADDR (.data_RAM5)
                0x1a000148        0x4 LONG 0x2000c000 ADDR (.data_RAM5)
                0x1a00014c        0x4 LONG 0x0 SIZEOF (.data_RAM5)
                0x1a000150                __data_section_table_end = .
                0x1a000150                __bss_section_table = .
                0x1a000150        0x4 LONG 0x10000100 ADDR (.bss)
                0x1a000154        0x4 LONG 0xf38 SIZEOF (.bss)
                0x1a000158        0x4 LONG 0x10080000 ADDR (.bss_RAM2)
                0x1a00015c        0x4 LONG 0x0 SIZEOF (.bss_RAM2)
                0x1a000160        0x4 LONG 0x20000000 ADDR (.bss_RAM3)
                0x1a000164        0x4 LONG 0x0 SIZEOF (.bss_RAM3)
                0x1a000168        0x4 LONG 0x20008000 ADDR (.bss_RAM4)
                0x1a00016c        0x4 LONG 0x0 SIZEOF (.bss_RAM4)
                0x1a000170        0x4 LONG 0x2000c000 ADDR (.bss_RAM5)
                0x1a000174        0x4 LONG 0x0 SIZEOF (.bss_RAM5)
                0x1a000178                __bss_section_table_end = .
                0x1a000178                __section_table_end = .
 *(.after_vectors*)
 .after_vectors
                0x1a000178       0x54 ./out/obj/vector.o
 .after_vectors
                0x1a0001cc       0x7c ./out/lib/ext_drivers.a(cr_startup_lpc43xx.o)
                0x1a0001cc                data_init
                0x1a000210                bss_init
                0x000002fc                . = 0x2fc
 *fill*         0x1a000248       0xb4 ff
                0x1a0002fc                PROVIDE (__CRP_WORD_START__, .)
 *(.crp)
 .crp           0x1a0002fc        0x4 ./out/obj/crp.o
                0x1a0002fc                CRP_WORD
                0x1a000300                PROVIDE (__CRP_WORD_END__, .)
                0x00000001                ASSERT (! ((__CRP_WORD_START__ == __CRP_WORD_END__)), Linker CRP Enabled, but no CRP_WORD provided within application)
 *(.text*)
 .text.Chip_CCAN_GetIntID
                0x1a000300       0x18 ./out/obj/STGAA_app.o
 .text.STGAA_Init
                0x1a000318       0x60 ./out/obj/STGAA_app.o
                0x1a000318                STGAA_Init
 .text.CAN0_IRQHandler
                0x1a000378       0x84 ./out/obj/STGAA_app.o
                0x1a000378                CAN0_IRQHandler
 .text.RIT_IRQHandler
                0x1a0003fc       0x1c ./out/obj/STGAA_app.o
                0x1a0003fc                RIT_IRQHandler
 .text.main     0x1a000418      0x150 ./out/obj/STGAA_app.o
                0x1a000418                main
 .text.NVIC_EnableIRQ
                0x1a000568       0x30 ./out/lib/drivers_bm.a(timer.o)
 .text.NVIC_ClearPendingIRQ
                0x1a000598       0x34 ./out/lib/drivers_bm.a(timer.o)
 .text.Chip_RIT_ClearInt
                0x1a0005cc       0x20 ./out/lib/drivers_bm.a(timer.o)
 .text.RIT_Init
                0x1a0005ec       0x1c ./out/lib/drivers_bm.a(timer.o)
                0x1a0005ec                RIT_Init
 .text.RIT_SetInterval
                0x1a000608       0x1c ./out/lib/drivers_bm.a(timer.o)
                0x1a000608                RIT_SetInterval
 .text.RIT_Clear
                0x1a000624       0x10 ./out/lib/drivers_bm.a(timer.o)
                0x1a000624                RIT_Clear
 *fill*         0x1a000634        0x4 
 .text.SNS_DataUnwrap
                0x1a000638      0x1e4 ./out/lib/drivers_bm.a(Sensor2.o)
 .text.SNS_DescriptorUnwrap
                0x1a00081c       0x48 ./out/lib/drivers_bm.a(Sensor2.o)
 .text.SNS_Init
                0x1a000864      0x100 ./out/lib/drivers_bm.a(Sensor2.o)
                0x1a000864                SNS_Init
 .text.SNS_AskForConfig
                0x1a000964       0x24 ./out/lib/drivers_bm.a(Sensor2.o)
                0x1a000964                SNS_AskForConfig
 .text.SNS_AskForData
                0x1a000988       0x24 ./out/lib/drivers_bm.a(Sensor2.o)
                0x1a000988                SNS_AskForData
 .text.SNS_SendConfig
                0x1a0009ac       0x34 ./out/lib/drivers_bm.a(Sensor2.o)
                0x1a0009ac                SNS_SendConfig
 .text.SNS_LoadConfig
                0x1a0009e0       0x24 ./out/lib/drivers_bm.a(Sensor2.o)
                0x1a0009e0                SNS_LoadConfig
 .text.SNS_LoadData
                0x1a000a04       0x24 ./out/lib/drivers_bm.a(Sensor2.o)
                0x1a000a04                SNS_LoadData
 .text.SNS_ConfigReceived
                0x1a000a28       0x30 ./out/lib/drivers_bm.a(Sensor2.o)
                0x1a000a28                SNS_ConfigReceived
 .text.SNS_DataReceived
                0x1a000a58       0x30 ./out/lib/drivers_bm.a(Sensor2.o)
                0x1a000a58                SNS_DataReceived
 .text.SNS_GetEnvironmental
                0x1a000a88       0x14 ./out/lib/drivers_bm.a(Sensor2.o)
                0x1a000a88                SNS_GetEnvironmental
 .text.NVIC_EnableIRQ
                0x1a000a9c       0x30 ./out/lib/drivers_bm.a(ccan.o)
 .text.NVIC_ClearPendingIRQ
                0x1a000acc       0x34 ./out/lib/drivers_bm.a(ccan.o)
 .text.Chip_SCU_PinMuxSet
                0x1a000b00       0x30 ./out/lib/drivers_bm.a(ccan.o)
 .text.Chip_CCAN_EnableInt
                0x1a000b30       0x20 ./out/lib/drivers_bm.a(ccan.o)
 .text.CCAN0_PORT_Init
                0x1a000b50       0x58 ./out/lib/drivers_bm.a(ccan.o)
                0x1a000b50                CCAN0_PORT_Init
 .text.CCAN0_IDsToReceive
                0x1a000ba8       0xe4 ./out/lib/drivers_bm.a(ccan.o)
                0x1a000ba8                CCAN0_IDsToReceive
 .text.CCAN0_Clear
                0x1a000c8c        0xc ./out/lib/drivers_bm.a(ccan.o)
                0x1a000c8c                CCAN0_Clear
 .text.CCAN0_SendMessage
                0x1a000c98       0x48 ./out/lib/drivers_bm.a(ccan.o)
                0x1a000c98                CCAN0_SendMessage
 .text.Chip_SCU_PinMuxSet
                0x1a000ce0       0x30 ./out/lib/drivers_bm.a(led.o)
 .text.Chip_SCU_PinMux
                0x1a000d10       0x3c ./out/lib/drivers_bm.a(led.o)
 .text.Chip_GPIO_ClearValue
                0x1a000d4c       0x28 ./out/lib/drivers_bm.a(led.o)
 .text.Chip_GPIO_SetPinToggle
                0x1a000d74       0x30 ./out/lib/drivers_bm.a(led.o)
 .text.InitGPIO_EDUCIAA_Leds
                0x1a000da4       0xbc ./out/lib/drivers_bm.a(led.o)
                0x1a000da4                InitGPIO_EDUCIAA_Leds
 .text.ToggleLed
                0x1a000e60       0x48 ./out/lib/drivers_bm.a(led.o)
                0x1a000e60                ToggleLed
 .text.DSC_AddSensorToList
                0x1a000ea8       0xc4 ./out/lib/drivers_bm.a(Descriptors.o)
                0x1a000ea8                DSC_AddSensorToList
 .text.Chip_SCU_PinMuxSet
                0x1a000f6c       0x30 ./out/lib/drivers_bm.a(teclas.o)
 .text.Chip_SCU_PinMux
                0x1a000f9c       0x3c ./out/lib/drivers_bm.a(teclas.o)
 .text.Chip_GPIO_ReadPortBit
                0x1a000fd8       0x34 ./out/lib/drivers_bm.a(teclas.o)
 .text.InitGPIO_EDUCIAA_Teclas
                0x1a00100c       0x70 ./out/lib/drivers_bm.a(teclas.o)
                0x1a00100c                InitGPIO_EDUCIAA_Teclas
 .text.Detectar_Tecla
                0x1a00107c       0x78 ./out/lib/drivers_bm.a(teclas.o)
                0x1a00107c                Detectar_Tecla
 .text.Escaneo_Teclado
                0x1a0010f4       0x48 ./out/lib/drivers_bm.a(teclas.o)
                0x1a0010f4                Escaneo_Teclado
 .text.ENV_SetEnvironmental
                0x1a00113c       0x80 ./out/lib/drivers_bm.a(Environmental.o)
                0x1a00113c                ENV_SetEnvironmental
 .text.ENV_GetEnvironmental
                0x1a0011bc       0x80 ./out/lib/drivers_bm.a(Environmental.o)
                0x1a0011bc                ENV_GetEnvironmental
 .text.DSP_Init
                0x1a00123c      0x334 ./out/lib/drivers_bm.a(Display.o)
                0x1a00123c                DSP_Init
 .text.DSP_MainMode
                0x1a001570       0x10 ./out/lib/drivers_bm.a(Display.o)
                0x1a001570                DSP_MainMode
 .text.DSP_RefreshDisplay
                0x1a001580      0x6f8 ./out/lib/drivers_bm.a(Display.o)
                0x1a001580                DSP_RefreshDisplay
 .text.GUI_Window_ListInit
                0x1a001c78       0x24 ./out/lib/drivers_bm.a(window.o)
                0x1a001c78                GUI_Window_ListInit
 .text.GUI_Window_ObjectListInit
                0x1a001c9c       0x2c ./out/lib/drivers_bm.a(window.o)
                0x1a001c9c                GUI_Window_ObjectListInit
 .text.GUI_Window_Create
                0x1a001cc8       0xd4 ./out/lib/drivers_bm.a(window.o)
                0x1a001cc8                GUI_Window_Create
 .text.GUI_Window_Draw
                0x1a001d9c      0x1a0 ./out/lib/drivers_bm.a(window.o)
                0x1a001d9c                GUI_Window_Draw
 .text.GUI_Window_DrawObjects
                0x1a001f3c       0x9c ./out/lib/drivers_bm.a(window.o)
                0x1a001f3c                GUI_Window_DrawObjects
 .text.GUI_Window_AddText
                0x1a001fd8      0x10c ./out/lib/drivers_bm.a(window.o)
                0x1a001fd8                GUI_Window_AddText
 .text.GUI_Window_EditText
                0x1a0020e4       0xd4 ./out/lib/drivers_bm.a(window.o)
                0x1a0020e4                GUI_Window_EditText
 .text.GUI_Window_AddPicture
                0x1a0021b8      0x110 ./out/lib/drivers_bm.a(window.o)
                0x1a0021b8                GUI_Window_AddPicture
 .text.SendData
                0x1a0022c8       0xb4 ./out/lib/drivers_bm.a(GLCDLowLevel.o)
 .text.GLCDLowLevel_Init
                0x1a00237c       0xa4 ./out/lib/drivers_bm.a(GLCDLowLevel.o)
                0x1a00237c                GLCDLowLevel_Init
 .text.GLCDLowLevel_SwapBuffer
                0x1a002420       0xa0 ./out/lib/drivers_bm.a(GLCDLowLevel.o)
                0x1a002420                GLCDLowLevel_SwapBuffer
 .text.GUI_StartLibrary
                0x1a0024c0       0x18 ./out/lib/drivers_bm.a(GLCDgui.o)
                0x1a0024c0                GUI_StartLibrary
 .text.Chip_SCU_PinMuxSet
                0x1a0024d8       0x30 ./out/lib/drivers_bm.a(MicroInterface.o)
 .text.Chip_SCU_PinMux
                0x1a002508       0x3c ./out/lib/drivers_bm.a(MicroInterface.o)
 .text.Chip_GPIO_SetPinState
                0x1a002544       0x38 ./out/lib/drivers_bm.a(MicroInterface.o)
 .text.Chip_GPIO_SetPinDIROutput
                0x1a00257c       0x3c ./out/lib/drivers_bm.a(MicroInterface.o)
 .text.MicroInterface_Init
                0x1a0025b8      0x130 ./out/lib/drivers_bm.a(MicroInterface.o)
                0x1a0025b8                MicroInterface_Init
 .text.MicroInterface_Bit_WriteLow
                0x1a0026e8       0x2c ./out/lib/drivers_bm.a(MicroInterface.o)
                0x1a0026e8                MicroInterface_Bit_WriteLow
 .text.MicroInterface_Bit_WriteHigh
                0x1a002714       0x2c ./out/lib/drivers_bm.a(MicroInterface.o)
                0x1a002714                MicroInterface_Bit_WriteHigh
 .text.MicroInterface_Byte_WriteData
                0x1a002740      0x100 ./out/lib/drivers_bm.a(MicroInterface.o)
                0x1a002740                MicroInterface_Byte_WriteData
 .text.GUI_Text_Create
                0x1a002840       0x58 ./out/lib/drivers_bm.a(text.o)
                0x1a002840                GUI_Text_Create
 .text.GUI_Text_Edit
                0x1a002898       0x28 ./out/lib/drivers_bm.a(text.o)
                0x1a002898                GUI_Text_Edit
 .text.GUI_Text_Draw
                0x1a0028c0       0x40 ./out/lib/drivers_bm.a(text.o)
                0x1a0028c0                GUI_Text_Draw
 .text.GUI_Picture_Create
                0x1a002900       0x54 ./out/lib/drivers_bm.a(picture.o)
                0x1a002900                GUI_Picture_Create
 .text.GUI_Picture_Draw
                0x1a002954       0x28 ./out/lib/drivers_bm.a(picture.o)
                0x1a002954                GUI_Picture_Draw
 .text.FontRead
                0x1a00297c       0x18 ./out/lib/drivers_bm.a(GLCDFonts.o)
                0x1a00297c                FontRead
 .text.GLCD_SelectFont
                0x1a002994       0x2c ./out/lib/drivers_bm.a(GLCDFonts.o)
                0x1a002994                GLCD_SelectFont
 .text.GLCD_FreePuts
                0x1a0029c0       0x74 ./out/lib/drivers_bm.a(GLCDFonts.o)
                0x1a0029c0                GLCD_FreePuts
 .text.GLCD_FreePutChar
                0x1a002a34      0x464 ./out/lib/drivers_bm.a(GLCDFonts.o)
                0x1a002a34                GLCD_FreePutChar
 .text.GLCD_CursorFreeTo
                0x1a002e98       0x2c ./out/lib/drivers_bm.a(GLCDFonts.o)
                0x1a002e98                GLCD_CursorFreeTo
 .text.SetPage  0x1a002ec4       0x40 ./out/lib/drivers_bm.a(GLCDPrimitives.o)
                0x1a002ec4                SetPage
 .text.GLCDPrimitives_ClearScreen
                0x1a002f04       0x64 ./out/lib/drivers_bm.a(GLCDPrimitives.o)
                0x1a002f04                GLCDPrimitives_ClearScreen
 .text.GLCDPrimitives_DrawBitmap
                0x1a002f68       0xb8 ./out/lib/drivers_bm.a(GLCDPrimitives.o)
                0x1a002f68                GLCDPrimitives_DrawBitmap
 .text.GLCDPrimitives_DrawLine
                0x1a003020      0x304 ./out/lib/drivers_bm.a(GLCDPrimitives.o)
                0x1a003020                GLCDPrimitives_DrawLine
 .text.GLCDPrimitives_FillRect
                0x1a003324      0x208 ./out/lib/drivers_bm.a(GLCDPrimitives.o)
                0x1a003324                GLCDPrimitives_FillRect
 .text.GUI_Button_Draw
                0x1a00352c       0xb0 ./out/lib/drivers_bm.a(button.o)
                0x1a00352c                GUI_Button_Draw
 .text.Chip_GPIO_Init
                0x1a0035dc       0x14 ./out/lib/ext_drivers.a(gpio_18xx_43xx.o)
                0x1a0035dc                Chip_GPIO_Init
 .text.Chip_GPIO_SetDir
                0x1a0035f0       0x60 ./out/lib/ext_drivers.a(gpio_18xx_43xx.o)
                0x1a0035f0                Chip_GPIO_SetDir
 .text.SystemCoreClockUpdate
                0x1a003650       0x18 ./out/lib/ext_drivers.a(chip_18xx_43xx.o)
                0x1a003650                SystemCoreClockUpdate
 .text.ABS      0x1a003668       0x24 ./out/lib/ext_drivers.a(clock_18xx_43xx.o)
 .text.pll_calc_divs
                0x1a00368c      0x11c ./out/lib/ext_drivers.a(clock_18xx_43xx.o)
 .text.pll_get_frac
                0x1a0037a8      0x178 ./out/lib/ext_drivers.a(clock_18xx_43xx.o)
 .text.Chip_Clock_GetDivRate
                0x1a003920       0x40 ./out/lib/ext_drivers.a(clock_18xx_43xx.o)
 .text.Chip_Clock_FindBaseClock
                0x1a003960       0x88 ./out/lib/ext_drivers.a(clock_18xx_43xx.o)
 .text.Chip_Clock_EnableCrystal
                0x1a0039e8       0x6c ./out/lib/ext_drivers.a(clock_18xx_43xx.o)
                0x1a0039e8                Chip_Clock_EnableCrystal
 .text.Chip_Clock_CalcMainPLLValue
                0x1a003a54       0xd8 ./out/lib/ext_drivers.a(clock_18xx_43xx.o)
                0x1a003a54                Chip_Clock_CalcMainPLLValue
 .text.Chip_Clock_GetMainPLLHz
                0x1a003b2c       0xc0 ./out/lib/ext_drivers.a(clock_18xx_43xx.o)
                0x1a003b2c                Chip_Clock_GetMainPLLHz
 .text.Chip_Clock_GetDividerSource
                0x1a003bec       0x40 ./out/lib/ext_drivers.a(clock_18xx_43xx.o)
                0x1a003bec                Chip_Clock_GetDividerSource
 .text.Chip_Clock_GetDividerDivisor
                0x1a003c2c       0x38 ./out/lib/ext_drivers.a(clock_18xx_43xx.o)
                0x1a003c2c                Chip_Clock_GetDividerDivisor
 .text.Chip_Clock_GetClockInputHz
                0x1a003c64      0x140 ./out/lib/ext_drivers.a(clock_18xx_43xx.o)
                0x1a003c64                Chip_Clock_GetClockInputHz
 .text.Chip_Clock_GetBaseClocktHz
                0x1a003da4       0x24 ./out/lib/ext_drivers.a(clock_18xx_43xx.o)
                0x1a003da4                Chip_Clock_GetBaseClocktHz
 .text.Chip_Clock_SetBaseClock
                0x1a003dc8       0x9c ./out/lib/ext_drivers.a(clock_18xx_43xx.o)
                0x1a003dc8                Chip_Clock_SetBaseClock
 .text.Chip_Clock_GetBaseClock
                0x1a003e64       0x4c ./out/lib/ext_drivers.a(clock_18xx_43xx.o)
                0x1a003e64                Chip_Clock_GetBaseClock
 .text.Chip_Clock_EnableOpts
                0x1a003eb0       0x7c ./out/lib/ext_drivers.a(clock_18xx_43xx.o)
                0x1a003eb0                Chip_Clock_EnableOpts
 .text.Chip_Clock_GetRate
                0x1a003f2c       0x88 ./out/lib/ext_drivers.a(clock_18xx_43xx.o)
                0x1a003f2c                Chip_Clock_GetRate
 .text.SystemInit
                0x1a003fb4       0x1c ./out/lib/ext_drivers.a(sysinit.o)
                0x1a003fb4                SystemInit
 .text.Chip_RIT_SetCOMPVAL
                0x1a003fd0       0x1c ./out/lib/ext_drivers.a(ritimer_18xx_43xx.o)
 .text.Chip_RIT_EnableCTRL
                0x1a003fec       0x20 ./out/lib/ext_drivers.a(ritimer_18xx_43xx.o)
 .text.Chip_RIT_Init
                0x1a00400c       0x34 ./out/lib/ext_drivers.a(ritimer_18xx_43xx.o)
                0x1a00400c                Chip_RIT_Init
 .text.Chip_RIT_SetTimerInterval
                0x1a004040       0x3c ./out/lib/ext_drivers.a(ritimer_18xx_43xx.o)
                0x1a004040                Chip_RIT_SetTimerInterval
 .text.ResetISR
                0x1a00407c       0xe4 ./out/lib/ext_drivers.a(cr_startup_lpc43xx.o)
                0x1a00407c                ResetISR
 .text.fpuInit  0x1a004160       0x74 ./out/lib/ext_drivers.a(fpu_init.o)
                0x1a004160                fpuInit
 .text.Chip_Clock_DisableMainPLL
                0x1a0041d4       0x1c ./out/lib/ext_drivers.a(sysinit_18xx_43xx.o)
 .text.Chip_Clock_SetupMainPLL
                0x1a0041f0       0x40 ./out/lib/ext_drivers.a(sysinit_18xx_43xx.o)
 .text.Chip_Clock_MainPLLLocked
                0x1a004230       0x24 ./out/lib/ext_drivers.a(sysinit_18xx_43xx.o)
 .text.Chip_SetupCoreClock
                0x1a004254      0x15c ./out/lib/ext_drivers.a(sysinit_18xx_43xx.o)
                0x1a004254                Chip_SetupCoreClock
 .text.Chip_SetupIrcClocking
                0x1a0043b0       0x14 ./out/lib/ext_drivers.a(sysinit_18xx_43xx.o)
                0x1a0043b0                Chip_SetupIrcClocking
 .text.Chip_SystemInit
                0x1a0043c4        0xc ./out/lib/ext_drivers.a(sysinit_18xx_43xx.o)
                0x1a0043c4                Chip_SystemInit
 .text.Chip_CCAN_GetStatus
                0x1a0043d0       0x18 ./out/lib/ext_drivers.a(ccan_18xx_43xx.o)
 .text.Chip_CCAN_SetStatus
                0x1a0043e8       0x20 ./out/lib/ext_drivers.a(ccan_18xx_43xx.o)
 .text.Chip_CCAN_GetTxRQST
                0x1a004408       0x24 ./out/lib/ext_drivers.a(ccan_18xx_43xx.o)
 .text.Chip_CCAN_GetValidMsg
                0x1a00442c       0x24 ./out/lib/ext_drivers.a(ccan_18xx_43xx.o)
 .text.configTimming
                0x1a004450       0x98 ./out/lib/ext_drivers.a(ccan_18xx_43xx.o)
 .text.getFreeMsgObject
                0x1a0044e8       0x44 ./out/lib/ext_drivers.a(ccan_18xx_43xx.o)
 .text.freeMsgObject
                0x1a00452c       0x28 ./out/lib/ext_drivers.a(ccan_18xx_43xx.o)
 .text.Chip_CCAN_GetClockIndex
                0x1a004554       0x2c ./out/lib/ext_drivers.a(ccan_18xx_43xx.o)
 .text.Chip_CCAN_Init
                0x1a004580       0x48 ./out/lib/ext_drivers.a(ccan_18xx_43xx.o)
                0x1a004580                Chip_CCAN_Init
 .text.Chip_CCAN_SetBitRate
                0x1a0045c8       0xbc ./out/lib/ext_drivers.a(ccan_18xx_43xx.o)
                0x1a0045c8                Chip_CCAN_SetBitRate
 .text.Chip_CCAN_ClearStatus
                0x1a004684       0x28 ./out/lib/ext_drivers.a(ccan_18xx_43xx.o)
                0x1a004684                Chip_CCAN_ClearStatus
 .text.Chip_CCAN_SetMsgObject
                0x1a0046ac      0x200 ./out/lib/ext_drivers.a(ccan_18xx_43xx.o)
                0x1a0046ac                Chip_CCAN_SetMsgObject
 .text.Chip_CCAN_GetMsgObject
                0x1a0048ac      0x124 ./out/lib/ext_drivers.a(ccan_18xx_43xx.o)
                0x1a0048ac                Chip_CCAN_GetMsgObject
 .text.Chip_CCAN_TransferMsgObject
                0x1a0049d0       0x68 ./out/lib/ext_drivers.a(ccan_18xx_43xx.o)
                0x1a0049d0                Chip_CCAN_TransferMsgObject
 .text.Chip_CCAN_SetValidMsg
                0x1a004a38       0x80 ./out/lib/ext_drivers.a(ccan_18xx_43xx.o)
                0x1a004a38                Chip_CCAN_SetValidMsg
 .text.Chip_CCAN_Send
                0x1a004ab8       0x74 ./out/lib/ext_drivers.a(ccan_18xx_43xx.o)
                0x1a004ab8                Chip_CCAN_Send
 .text.Chip_CCAN_AddReceiveID2
                0x1a004b2c       0x50 ./out/lib/ext_drivers.a(ccan_18xx_43xx.o)
                0x1a004b2c                Chip_CCAN_AddReceiveID2
 .text          0x1a004b7c      0x370 c:/ciaa/cygwin/usr/arm-none-eabi/bin/../lib/gcc/arm-none-eabi/4.9.3/armv7e-m/softfp\libgcc.a(_arm_addsubdf3.o)
                0x1a004b7c                __aeabi_drsub
                0x1a004b84                __aeabi_dsub
                0x1a004b84                __subdf3
                0x1a004b88                __aeabi_dadd
                0x1a004b88                __adddf3
                0x1a004e00                __floatunsidf
                0x1a004e00                __aeabi_ui2d
                0x1a004e20                __floatsidf
                0x1a004e20                __aeabi_i2d
                0x1a004e44                __aeabi_f2d
                0x1a004e44                __extendsfdf2
                0x1a004e80                __floatundidf
                0x1a004e80                __aeabi_ul2d
                0x1a004e90                __floatdidf
                0x1a004e90                __aeabi_l2d
 .text          0x1a004eec      0x424 c:/ciaa/cygwin/usr/arm-none-eabi/bin/../lib/gcc/arm-none-eabi/4.9.3/armv7e-m/softfp\libgcc.a(_arm_muldivdf3.o)
                0x1a004eec                __aeabi_dmul
                0x1a004eec                __muldf3
                0x1a005140                __divdf3
                0x1a005140                __aeabi_ddiv
 .text          0x1a005310       0xa0 c:/ciaa/cygwin/usr/arm-none-eabi/bin/../lib/gcc/arm-none-eabi/4.9.3/armv7e-m/softfp\libgcc.a(_arm_truncdfsf2.o)
                0x1a005310                __truncdfsf2
                0x1a005310                __aeabi_d2f
 .text          0x1a0053b0      0x134 c:/ciaa/cygwin/usr/arm-none-eabi/bin/../lib/gcc/arm-none-eabi/4.9.3/../../../../arm-none-eabi/lib/armv7e-m/softfp\libc.a(lib_a-memcpy.o)
                0x1a0053b0                memcpy
 .text.memset   0x1a0054e4       0x9c c:/ciaa/cygwin/usr/arm-none-eabi/bin/../lib/gcc/arm-none-eabi/4.9.3/../../../../arm-none-eabi/lib/armv7e-m/softfp\libc.a(lib_a-memset.o)
                0x1a0054e4                memset
 .text.strcat   0x1a005580       0x40 c:/ciaa/cygwin/usr/arm-none-eabi/bin/../lib/gcc/arm-none-eabi/4.9.3/../../../../arm-none-eabi/lib/armv7e-m/softfp\libc.a(lib_a-strcat.o)
                0x1a005580                strcat
 .text          0x1a0055c0      0x2dc c:/ciaa/cygwin/usr/arm-none-eabi/bin/../lib/gcc/arm-none-eabi/4.9.3/../../../../arm-none-eabi/lib/armv7e-m/softfp\libc.a(lib_a-strcmp.o)
                0x1a0055c8                strcmp
 .text.strcpy   0x1a00589c       0xbc c:/ciaa/cygwin/usr/arm-none-eabi/bin/../lib/gcc/arm-none-eabi/4.9.3/../../../../arm-none-eabi/lib/armv7e-m/softfp\libc.a(lib_a-strcpy.o)
                0x1a00589c                strcpy
 .text.strlen   0x1a005958       0x5c c:/ciaa/cygwin/usr/arm-none-eabi/bin/../lib/gcc/arm-none-eabi/4.9.3/../../../../arm-none-eabi/lib/armv7e-m/softfp\libc.a(lib_a-strlen.o)
                0x1a005958                strlen
 .text.strncpy  0x1a0059b4       0x68 c:/ciaa/cygwin/usr/arm-none-eabi/bin/../lib/gcc/arm-none-eabi/4.9.3/../../../../arm-none-eabi/lib/armv7e-m/softfp\libc.a(lib_a-strncpy.o)
                0x1a0059b4                strncpy
 *(.rodata .rodata.* .constdata .constdata.*)
 .rodata.GpsBitmaps
                0x1a005a1c       0x18 ./out/lib/drivers_bm.a(Display.o)
                0x1a005a1c                GpsBitmaps
 .rodata.WindsBitmaps
                0x1a005a34       0x18 ./out/lib/drivers_bm.a(Display.o)
                0x1a005a34                WindsBitmaps
 .rodata.FlowBitmaps
                0x1a005a4c       0x10 ./out/lib/drivers_bm.a(Display.o)
                0x1a005a4c                FlowBitmaps
 .rodata.TyhBitmaps
                0x1a005a5c       0x14 ./out/lib/drivers_bm.a(Display.o)
                0x1a005a5c                TyhBitmaps
 .rodata        0x1a005a70      0x186 ./out/lib/drivers_bm.a(Display.o)
 *fill*         0x1a005bf6        0x2 
 .rodata.System5x7
                0x1a005bf8      0x1ec ./out/lib/drivers_bm.a(window.o)
 .rodata        0x1a005de4        0x2 ./out/lib/drivers_bm.a(window.o)
 *fill*         0x1a005de6        0x2 
 .rodata.SysFont3x5
                0x1a005de8      0x126 ./out/lib/drivers_bm.a(text.o)
 *fill*         0x1a005f0e        0x2 
 .rodata.periph_to_base
                0x1a005f10       0x6c ./out/lib/ext_drivers.a(clock_18xx_43xx.o)
 .rodata        0x1a005f7c        0xa ./out/lib/ext_drivers.a(clock_18xx_43xx.o)
 *fill*         0x1a005f86        0x2 
 .rodata.ExtRateIn
                0x1a005f88        0x4 ./out/lib/ext_drivers.a(sysinit.o)
                0x1a005f88                ExtRateIn
 .rodata.OscRateIn
                0x1a005f8c        0x4 ./out/lib/ext_drivers.a(sysinit.o)
                0x1a005f8c                OscRateIn
 .rodata.InitClkStates
                0x1a005f90       0x48 ./out/lib/ext_drivers.a(sysinit_18xx_43xx.o)
                0x1a005fd8                . = ALIGN (0x4)

.glue_7         0x1a005fd8        0x0
 .glue_7        0x00000000        0x0 linker stubs

.glue_7t        0x1a005fd8        0x0
 .glue_7t       0x00000000        0x0 linker stubs

.vfp11_veneer   0x1a005fd8        0x0
 .vfp11_veneer  0x00000000        0x0 linker stubs

.v4_bx          0x1a005fd8        0x0
 .v4_bx         0x00000000        0x0 linker stubs

.iplt           0x1a005fd8        0x0
 .iplt          0x00000000        0x0 ./out/obj/STGAA_app.o

.rel.dyn        0x1a005fd8        0x0
 .rel.iplt      0x00000000        0x0 ./out/obj/STGAA_app.o

.ARM.extab
 *(.ARM.extab* .gnu.linkonce.armextab.*)
                0x1a005fd8                __exidx_start = .

.ARM.exidx
 *(.ARM.exidx* .gnu.linkonce.armexidx.*)
                0x1a005fd8                __exidx_end = .
                0x1a005fd8                _etext = .

.data_RAM2      0x10080000        0x0 load address 0x1a005fd8
 FILL mask 0xff
 *(.ramfunc.$RAM2)
 *(.ramfunc.$RamLoc40)
 *(.data.$RAM2*)
 *(.data.$RamLoc40*)
                0x10080000                . = ALIGN (0x4)

.data_RAM3      0x20000000        0x0 load address 0x1a005fd8
 FILL mask 0xff
 *(.ramfunc.$RAM3)
 *(.ramfunc.$RamAHB32)
 *(.data.$RAM3*)
 *(.data.$RamAHB32*)
                0x20000000                . = ALIGN (0x4)

.data_RAM4      0x20008000        0x0 load address 0x1a005fd8
 FILL mask 0xff
 *(.ramfunc.$RAM4)
 *(.ramfunc.$RamAHB16)
 *(.data.$RAM4*)
 *(.data.$RamAHB16*)
                0x20008000                . = ALIGN (0x4)

.data_RAM5      0x2000c000        0x0 load address 0x1a005fd8
 FILL mask 0xff
 *(.ramfunc.$RAM5)
 *(.ramfunc.$RamAHB_ETB16)
 *(.data.$RAM5*)
 *(.data.$RamAHB_ETB16*)
                0x2000c000                . = ALIGN (0x4)

.uninit_RESERVED
                0x10000000        0x0
 *(.bss.$RESERVED*)
                0x10000000                . = ALIGN (0x4)
                0x10000000                _end_uninit_RESERVED = .

.data           0x10000000      0x100 load address 0x1a005fd8
 FILL mask 0xff
                0x10000000                _data = .
 *(vtable)
 *(.ramfunc*)
 *(.data*)
 .data.InicioBitmaps
                0x10000000       0xf2 ./out/lib/drivers_bm.a(Display.o)
                0x10000000                InicioBitmaps
 *fill*         0x100000f2        0x2 
 .data.Main.5889
                0x100000f4        0xa ./out/lib/drivers_bm.a(Display.o)
                0x10000100                . = ALIGN (0x4)
 *fill*         0x100000fe        0x2 ff
                0x10000100                _edata = .

.igot.plt       0x10000100        0x0 load address 0x1a0060d8
 .igot.plt      0x00000000        0x0 ./out/obj/STGAA_app.o

.bss_RAM2       0x10080000        0x0
 *(.bss.$RAM2*)
 *(.bss.$RamLoc40*)
                0x10080000                . = ALIGN (0x4)

.bss_RAM3       0x20000000        0x0
 *(.bss.$RAM3*)
 *(.bss.$RamAHB32*)
                0x20000000                . = ALIGN (0x4)

.bss_RAM4       0x20008000        0x0
 *(.bss.$RAM4*)
 *(.bss.$RamAHB16*)
                0x20008000                . = ALIGN (0x4)

.bss_RAM5       0x2000c000        0x0
 *(.bss.$RAM5*)
 *(.bss.$RamAHB_ETB16*)
                0x2000c000                . = ALIGN (0x4)

.bss            0x10000100      0xf38
                0x10000100                _bss = .
 *(.bss*)
 .bss.RcvMsgCount
                0x10000100        0x1 ./out/obj/STGAA_app.o
                0x10000100                RcvMsgCount
 *fill*         0x10000101        0x1 
 .bss.RegisteredSensorCount
                0x10000102        0x2 ./out/lib/drivers_bm.a(Descriptors.o)
                0x10000102                RegisteredSensorCount
 .bss.Stack_index
                0x10000104        0x2 ./out/lib/drivers_bm.a(Descriptors.o)
                0x10000104                Stack_index
 *fill*         0x10000106        0x2 
 .bss.ActiveWindow
                0x10000108        0x4 ./out/lib/drivers_bm.a(window.o)
 .bss.__GLCD_Coord
                0x1000010c        0x3 ./out/lib/drivers_bm.a(GLCDFonts.o)
 *fill*         0x1000010f        0x1 
 .bss.Font      0x10000110        0x4 ./out/lib/drivers_bm.a(GLCDFonts.o)
 .bss.FontColor
                0x10000114        0x1 ./out/lib/drivers_bm.a(GLCDFonts.o)
 *fill*         0x10000115        0x3 
 .bss.audio_usb_pll_freq
                0x10000118        0x8 ./out/lib/ext_drivers.a(clock_18xx_43xx.o)
 *(COMMON)
 COMMON         0x10000120       0x4c ./out/obj/STGAA_app.o
                0x10000120                current_state
                0x10000124                GUI_Malloc_Pointer
                0x10000128                aux
                0x10000129                event_DataReceived
                0x1000012a                event_CANReceived
                0x1000012b                event_ConfigReceived
                0x1000012c                pEnv
                0x10000150                GUI_Free_Pointer
                0x10000154                msg_buf
                0x10000164                event_5sec
                0x10000168                tec
 COMMON         0x1000016c       0x3c ./out/lib/drivers_bm.a(Sensor2.o)
                0x1000016c                _Environmental
                0x10000190                RcvMsg
                0x100001a0                IDList
 COMMON         0x100001a8       0x80 ./out/lib/drivers_bm.a(ccan.o)
                0x100001a8                MsgRAM
 COMMON         0x10000228       0x14 ./out/lib/drivers_bm.a(Descriptors.o)
                0x10000228                SensorsList
 COMMON         0x1000023c       0x24 ./out/lib/drivers_bm.a(Environmental.o)
                0x1000023c                myEnvironmental
 COMMON         0x10000260      0xdd0 ./out/lib/drivers_bm.a(window.o)
                0x10000260                WIndex
                0x10000c30                GLCDLowLevel_VideoRAM
 COMMON         0x10001030        0x4 ./out/lib/drivers_bm.a(GLCDLowLevel.o)
                0x10001030                _delayCounter
 COMMON         0x10001034        0x4 ./out/lib/ext_drivers.a(chip_18xx_43xx.o)
                0x10001034                SystemCoreClock
                0x10001038                . = ALIGN (0x4)
                0x10001038                _ebss = .
                0x10001038                PROVIDE (end, .)

.noinit_RAM2    0x10080000        0x0
 *(.noinit.$RAM2*)
 *(.noinit.$RamLoc40*)
                0x10080000                . = ALIGN (0x4)

.noinit_RAM3    0x20000000        0x0
 *(.noinit.$RAM3*)
 *(.noinit.$RamAHB32*)
                0x20000000                . = ALIGN (0x4)

.noinit_RAM4    0x20008000        0x0
 *(.noinit.$RAM4*)
 *(.noinit.$RamAHB16*)
                0x20008000                . = ALIGN (0x4)

.noinit_RAM5    0x2000c000        0x0
 *(.noinit.$RAM5*)
 *(.noinit.$RamAHB_ETB16*)
                0x2000c000                . = ALIGN (0x4)

.noinit         0x10001038        0x0
                0x10001038                _noinit = .
 *(.noinit*)
                0x10001038                . = ALIGN (0x4)
                0x10001038                _end_noinit = .
                0x10001038                PROVIDE (_pvHeapStart, .)
                0x10008000                PROVIDE (_vStackTop, (__top_RamLoc32 - 0x0))
OUTPUT(./out/bin/STGAA_baremetal.axf elf32-littlearm)

.debug_info     0x00000000     0xb512
 .debug_info    0x00000000      0xb7d ./out/obj/STGAA_app.o
 .debug_info    0x00000b7d      0x158 ./out/obj/vector.o
 .debug_info    0x00000cd5       0x3f ./out/obj/crp.o
 .debug_info    0x00000d14      0x4ad ./out/lib/drivers_bm.a(timer.o)
 .debug_info    0x000011c1      0xd6c ./out/lib/drivers_bm.a(Sensor2.o)
 .debug_info    0x00001f2d      0xf1d ./out/lib/drivers_bm.a(ccan.o)
 .debug_info    0x00002e4a      0x636 ./out/lib/drivers_bm.a(led.o)
 .debug_info    0x00003480      0x310 ./out/lib/drivers_bm.a(Descriptors.o)
 .debug_info    0x00003790      0x4cf ./out/lib/drivers_bm.a(teclas.o)
 .debug_info    0x00003c5f      0x245 ./out/lib/drivers_bm.a(Environmental.o)
 .debug_info    0x00003ea4      0x783 ./out/lib/drivers_bm.a(Display.o)
 .debug_info    0x00004627      0x9a0 ./out/lib/drivers_bm.a(window.o)
 .debug_info    0x00004fc7      0x17a ./out/lib/drivers_bm.a(GLCDLowLevel.o)
 .debug_info    0x00005141      0x1dc ./out/lib/drivers_bm.a(GLCDgui.o)
 .debug_info    0x0000531d      0x9bf ./out/lib/drivers_bm.a(MicroInterface.o)
 .debug_info    0x00005cdc      0x2b1 ./out/lib/drivers_bm.a(text.o)
 .debug_info    0x00005f8d      0x228 ./out/lib/drivers_bm.a(picture.o)
 .debug_info    0x000061b5      0x581 ./out/lib/drivers_bm.a(GLCDFonts.o)
 .debug_info    0x00006736      0x471 ./out/lib/drivers_bm.a(GLCDPrimitives.o)
 .debug_info    0x00006ba7      0x2e9 ./out/lib/drivers_bm.a(button.o)
 .debug_info    0x00006e90      0x44c ./out/lib/ext_drivers.a(gpio_18xx_43xx.o)
 .debug_info    0x000072dc      0xa3b ./out/lib/ext_drivers.a(chip_18xx_43xx.o)
 .debug_info    0x00007d17     0x158f ./out/lib/ext_drivers.a(clock_18xx_43xx.o)
 .debug_info    0x000092a6      0x5c0 ./out/lib/ext_drivers.a(sysinit.o)
 .debug_info    0x00009866      0x463 ./out/lib/ext_drivers.a(ritimer_18xx_43xx.o)
 .debug_info    0x00009cc9      0x1c3 ./out/lib/ext_drivers.a(cr_startup_lpc43xx.o)
 .debug_info    0x00009e8c      0x145 ./out/lib/ext_drivers.a(fpu_init.o)
 .debug_info    0x00009fd1      0x902 ./out/lib/ext_drivers.a(sysinit_18xx_43xx.o)
 .debug_info    0x0000a8d3      0xc3f ./out/lib/ext_drivers.a(ccan_18xx_43xx.o)

.debug_abbrev   0x00000000     0x25db
 .debug_abbrev  0x00000000      0x1fc ./out/obj/STGAA_app.o
 .debug_abbrev  0x000001fc       0x7d ./out/obj/vector.o
 .debug_abbrev  0x00000279       0x36 ./out/obj/crp.o
 .debug_abbrev  0x000002af      0x16f ./out/lib/drivers_bm.a(timer.o)
 .debug_abbrev  0x0000041e      0x21f ./out/lib/drivers_bm.a(Sensor2.o)
 .debug_abbrev  0x0000063d      0x24b ./out/lib/drivers_bm.a(ccan.o)
 .debug_abbrev  0x00000888      0x198 ./out/lib/drivers_bm.a(led.o)
 .debug_abbrev  0x00000a20      0x131 ./out/lib/drivers_bm.a(Descriptors.o)
 .debug_abbrev  0x00000b51      0x18f ./out/lib/drivers_bm.a(teclas.o)
 .debug_abbrev  0x00000ce0       0xda ./out/lib/drivers_bm.a(Environmental.o)
 .debug_abbrev  0x00000dba      0x119 ./out/lib/drivers_bm.a(Display.o)
 .debug_abbrev  0x00000ed3      0x1cd ./out/lib/drivers_bm.a(window.o)
 .debug_abbrev  0x000010a0       0xc5 ./out/lib/drivers_bm.a(GLCDLowLevel.o)
 .debug_abbrev  0x00001165      0x11c ./out/lib/drivers_bm.a(GLCDgui.o)
 .debug_abbrev  0x00001281      0x171 ./out/lib/drivers_bm.a(MicroInterface.o)
 .debug_abbrev  0x000013f2       0xcc ./out/lib/drivers_bm.a(text.o)
 .debug_abbrev  0x000014be       0xb4 ./out/lib/drivers_bm.a(picture.o)
 .debug_abbrev  0x00001572      0x1d8 ./out/lib/drivers_bm.a(GLCDFonts.o)
 .debug_abbrev  0x0000174a      0x156 ./out/lib/drivers_bm.a(GLCDPrimitives.o)
 .debug_abbrev  0x000018a0       0xcc ./out/lib/drivers_bm.a(button.o)
 .debug_abbrev  0x0000196c      0x111 ./out/lib/ext_drivers.a(gpio_18xx_43xx.o)
 .debug_abbrev  0x00001a7d      0x148 ./out/lib/ext_drivers.a(chip_18xx_43xx.o)
 .debug_abbrev  0x00001bc5      0x2c0 ./out/lib/ext_drivers.a(clock_18xx_43xx.o)
 .debug_abbrev  0x00001e85       0xc1 ./out/lib/ext_drivers.a(sysinit.o)
 .debug_abbrev  0x00001f46      0x120 ./out/lib/ext_drivers.a(ritimer_18xx_43xx.o)
 .debug_abbrev  0x00002066       0xc0 ./out/lib/ext_drivers.a(cr_startup_lpc43xx.o)
 .debug_abbrev  0x00002126       0x84 ./out/lib/ext_drivers.a(fpu_init.o)
 .debug_abbrev  0x000021aa      0x181 ./out/lib/ext_drivers.a(sysinit_18xx_43xx.o)
 .debug_abbrev  0x0000232b      0x2b0 ./out/lib/ext_drivers.a(ccan_18xx_43xx.o)

.debug_aranges  0x00000000      0x980
 .debug_aranges
                0x00000000       0x40 ./out/obj/STGAA_app.o
 .debug_aranges
                0x00000040       0x68 ./out/obj/vector.o
 .debug_aranges
                0x000000a8       0x18 ./out/obj/crp.o
 .debug_aranges
                0x000000c0       0x48 ./out/lib/drivers_bm.a(timer.o)
 .debug_aranges
                0x00000108       0x70 ./out/lib/drivers_bm.a(Sensor2.o)
 .debug_aranges
                0x00000178       0x70 ./out/lib/drivers_bm.a(ccan.o)
 .debug_aranges
                0x000001e8       0x80 ./out/lib/drivers_bm.a(led.o)
 .debug_aranges
                0x00000268       0x48 ./out/lib/drivers_bm.a(Descriptors.o)
 .debug_aranges
                0x000002b0       0x48 ./out/lib/drivers_bm.a(teclas.o)
 .debug_aranges
                0x000002f8       0x30 ./out/lib/drivers_bm.a(Environmental.o)
 .debug_aranges
                0x00000328       0x30 ./out/lib/drivers_bm.a(Display.o)
 .debug_aranges
                0x00000358       0x78 ./out/lib/drivers_bm.a(window.o)
 .debug_aranges
                0x000003d0       0x30 ./out/lib/drivers_bm.a(GLCDLowLevel.o)
 .debug_aranges
                0x00000400       0x40 ./out/lib/drivers_bm.a(GLCDgui.o)
 .debug_aranges
                0x00000440       0x58 ./out/lib/drivers_bm.a(MicroInterface.o)
 .debug_aranges
                0x00000498       0x30 ./out/lib/drivers_bm.a(text.o)
 .debug_aranges
                0x000004c8       0x28 ./out/lib/drivers_bm.a(picture.o)
 .debug_aranges
                0x000004f0       0x70 ./out/lib/drivers_bm.a(GLCDFonts.o)
 .debug_aranges
                0x00000560       0x58 ./out/lib/drivers_bm.a(GLCDPrimitives.o)
 .debug_aranges
                0x000005b8       0x28 ./out/lib/drivers_bm.a(button.o)
 .debug_aranges
                0x000005e0       0x68 ./out/lib/ext_drivers.a(gpio_18xx_43xx.o)
 .debug_aranges
                0x00000648       0x40 ./out/lib/ext_drivers.a(chip_18xx_43xx.o)
 .debug_aranges
                0x00000688      0x138 ./out/lib/ext_drivers.a(clock_18xx_43xx.o)
 .debug_aranges
                0x000007c0       0x20 ./out/lib/ext_drivers.a(sysinit.o)
 .debug_aranges
                0x000007e0       0x48 ./out/lib/ext_drivers.a(ritimer_18xx_43xx.o)
 .debug_aranges
                0x00000828       0x30 ./out/lib/ext_drivers.a(cr_startup_lpc43xx.o)
 .debug_aranges
                0x00000858       0x20 ./out/lib/ext_drivers.a(fpu_init.o)
 .debug_aranges
                0x00000878       0x50 ./out/lib/ext_drivers.a(sysinit_18xx_43xx.o)
 .debug_aranges
                0x000008c8       0xb8 ./out/lib/ext_drivers.a(ccan_18xx_43xx.o)

.debug_ranges   0x00000000      0x7a8
 .debug_ranges  0x00000000       0x30 ./out/obj/STGAA_app.o
 .debug_ranges  0x00000030       0x58 ./out/obj/vector.o
 .debug_ranges  0x00000088       0x38 ./out/lib/drivers_bm.a(timer.o)
 .debug_ranges  0x000000c0       0x60 ./out/lib/drivers_bm.a(Sensor2.o)
 .debug_ranges  0x00000120       0x60 ./out/lib/drivers_bm.a(ccan.o)
 .debug_ranges  0x00000180       0x70 ./out/lib/drivers_bm.a(led.o)
 .debug_ranges  0x000001f0       0x38 ./out/lib/drivers_bm.a(Descriptors.o)
 .debug_ranges  0x00000228       0x38 ./out/lib/drivers_bm.a(teclas.o)
 .debug_ranges  0x00000260       0x20 ./out/lib/drivers_bm.a(Environmental.o)
 .debug_ranges  0x00000280       0x20 ./out/lib/drivers_bm.a(Display.o)
 .debug_ranges  0x000002a0       0x68 ./out/lib/drivers_bm.a(window.o)
 .debug_ranges  0x00000308       0x20 ./out/lib/drivers_bm.a(GLCDLowLevel.o)
 .debug_ranges  0x00000328       0x30 ./out/lib/drivers_bm.a(GLCDgui.o)
 .debug_ranges  0x00000358       0x48 ./out/lib/drivers_bm.a(MicroInterface.o)
 .debug_ranges  0x000003a0       0x20 ./out/lib/drivers_bm.a(text.o)
 .debug_ranges  0x000003c0       0x18 ./out/lib/drivers_bm.a(picture.o)
 .debug_ranges  0x000003d8       0x60 ./out/lib/drivers_bm.a(GLCDFonts.o)
 .debug_ranges  0x00000438       0x48 ./out/lib/drivers_bm.a(GLCDPrimitives.o)
 .debug_ranges  0x00000480       0x18 ./out/lib/drivers_bm.a(button.o)
 .debug_ranges  0x00000498       0x58 ./out/lib/ext_drivers.a(gpio_18xx_43xx.o)
 .debug_ranges  0x000004f0       0x30 ./out/lib/ext_drivers.a(chip_18xx_43xx.o)
 .debug_ranges  0x00000520      0x128 ./out/lib/ext_drivers.a(clock_18xx_43xx.o)
 .debug_ranges  0x00000648       0x10 ./out/lib/ext_drivers.a(sysinit.o)
 .debug_ranges  0x00000658       0x38 ./out/lib/ext_drivers.a(ritimer_18xx_43xx.o)
 .debug_ranges  0x00000690       0x20 ./out/lib/ext_drivers.a(cr_startup_lpc43xx.o)
 .debug_ranges  0x000006b0       0x10 ./out/lib/ext_drivers.a(fpu_init.o)
 .debug_ranges  0x000006c0       0x40 ./out/lib/ext_drivers.a(sysinit_18xx_43xx.o)
 .debug_ranges  0x00000700       0xa8 ./out/lib/ext_drivers.a(ccan_18xx_43xx.o)

.debug_macro    0x00000000     0x8a48
 .debug_macro   0x00000000      0x44e ./out/obj/STGAA_app.o
 .debug_macro   0x0000044e      0x886 ./out/obj/STGAA_app.o
 .debug_macro   0x00000cd4       0x22 ./out/obj/STGAA_app.o
 .debug_macro   0x00000cf6       0x44 ./out/obj/STGAA_app.o
 .debug_macro   0x00000d3a       0x58 ./out/obj/STGAA_app.o
 .debug_macro   0x00000d92       0x22 ./out/obj/STGAA_app.o
 .debug_macro   0x00000db4      0x1df ./out/obj/STGAA_app.o
 .debug_macro   0x00000f93       0x10 ./out/obj/STGAA_app.o
 .debug_macro   0x00000fa3       0x58 ./out/obj/STGAA_app.o
 .debug_macro   0x00000ffb       0x35 ./out/obj/STGAA_app.o
 .debug_macro   0x00001030       0x9c ./out/obj/STGAA_app.o
 .debug_macro   0x000010cc      0x166 ./out/obj/STGAA_app.o
 .debug_macro   0x00001232       0x52 ./out/obj/STGAA_app.o
 .debug_macro   0x00001284       0x16 ./out/obj/STGAA_app.o
 .debug_macro   0x0000129a       0x43 ./out/obj/STGAA_app.o
 .debug_macro   0x000012dd      0x180 ./out/obj/STGAA_app.o
 .debug_macro   0x0000145d      0x29d ./out/obj/STGAA_app.o
 .debug_macro   0x000016fa       0x10 ./out/obj/STGAA_app.o
 .debug_macro   0x0000170a       0x35 ./out/obj/STGAA_app.o
 .debug_macro   0x0000173f       0x10 ./out/obj/STGAA_app.o
 .debug_macro   0x0000174f       0x22 ./out/obj/STGAA_app.o
 .debug_macro   0x00001771       0x5f ./out/obj/STGAA_app.o
 .debug_macro   0x000017d0       0x28 ./out/obj/STGAA_app.o
 .debug_macro   0x000017f8       0x3b ./out/obj/STGAA_app.o
 .debug_macro   0x00001833       0x2d ./out/obj/STGAA_app.o
 .debug_macro   0x00001860       0x42 ./out/obj/STGAA_app.o
 .debug_macro   0x000018a2      0xd39 ./out/obj/STGAA_app.o
 .debug_macro   0x000025db      0x2bc ./out/obj/STGAA_app.o
 .debug_macro   0x00002897      0x112 ./out/obj/STGAA_app.o
 .debug_macro   0x000029a9       0x11 ./out/obj/STGAA_app.o
 .debug_macro   0x000029ba       0x2a ./out/obj/STGAA_app.o
 .debug_macro   0x000029e4       0x16 ./out/obj/STGAA_app.o
 .debug_macro   0x000029fa      0x2e6 ./out/obj/STGAA_app.o
 .debug_macro   0x00002ce0       0x82 ./out/obj/STGAA_app.o
 .debug_macro   0x00002d62      0x13d ./out/obj/STGAA_app.o
 .debug_macro   0x00002e9f      0x198 ./out/obj/STGAA_app.o
 .debug_macro   0x00003037       0x34 ./out/obj/STGAA_app.o
 .debug_macro   0x0000306b       0x58 ./out/obj/STGAA_app.o
 .debug_macro   0x000030c3      0x236 ./out/obj/STGAA_app.o
 .debug_macro   0x000032f9      0x572 ./out/obj/STGAA_app.o
 .debug_macro   0x0000386b       0x16 ./out/obj/STGAA_app.o
 .debug_macro   0x00003881      0x18a ./out/obj/STGAA_app.o
 .debug_macro   0x00003a0b       0x88 ./out/obj/STGAA_app.o
 .debug_macro   0x00003a93      0x1b9 ./out/obj/STGAA_app.o
 .debug_macro   0x00003c4c      0x1da ./out/obj/STGAA_app.o
 .debug_macro   0x00003e26       0x40 ./out/obj/STGAA_app.o
 .debug_macro   0x00003e66       0x1c ./out/obj/STGAA_app.o
 .debug_macro   0x00003e82       0x2e ./out/obj/STGAA_app.o
 .debug_macro   0x00003eb0       0x2e ./out/obj/STGAA_app.o
 .debug_macro   0x00003ede       0x22 ./out/obj/STGAA_app.o
 .debug_macro   0x00003f00      0x201 ./out/obj/STGAA_app.o
 .debug_macro   0x00004101       0xe0 ./out/obj/STGAA_app.o
 .debug_macro   0x000041e1      0x34c ./out/obj/STGAA_app.o
 .debug_macro   0x0000452d       0xdc ./out/obj/STGAA_app.o
 .debug_macro   0x00004609       0xc4 ./out/obj/STGAA_app.o
 .debug_macro   0x000046cd       0x94 ./out/obj/STGAA_app.o
 .debug_macro   0x00004761       0xb8 ./out/obj/STGAA_app.o
 .debug_macro   0x00004819       0x4c ./out/obj/STGAA_app.o
 .debug_macro   0x00004865       0x16 ./out/obj/STGAA_app.o
 .debug_macro   0x0000487b      0x328 ./out/obj/STGAA_app.o
 .debug_macro   0x00004ba3       0x3a ./out/obj/STGAA_app.o
 .debug_macro   0x00004bdd       0xd0 ./out/obj/STGAA_app.o
 .debug_macro   0x00004cad       0x11 ./out/obj/STGAA_app.o
 .debug_macro   0x00004cbe       0x22 ./out/obj/STGAA_app.o
 .debug_macro   0x00004ce0       0x40 ./out/obj/STGAA_app.o
 .debug_macro   0x00004d20       0x10 ./out/obj/STGAA_app.o
 .debug_macro   0x00004d30       0x1c ./out/obj/STGAA_app.o
 .debug_macro   0x00004d4c       0x40 ./out/obj/STGAA_app.o
 .debug_macro   0x00004d8c       0x10 ./out/obj/STGAA_app.o
 .debug_macro   0x00004d9c       0x3a ./out/obj/STGAA_app.o
 .debug_macro   0x00004dd6       0x1c ./out/obj/STGAA_app.o
 .debug_macro   0x00004df2       0x10 ./out/obj/STGAA_app.o
 .debug_macro   0x00004e02       0x28 ./out/obj/STGAA_app.o
 .debug_macro   0x00004e2a       0x22 ./out/obj/STGAA_app.o
 .debug_macro   0x00004e4c       0x63 ./out/obj/vector.o
 .debug_macro   0x00004eaf       0x17 ./out/obj/crp.o
 .debug_macro   0x00004ec6      0x301 ./out/lib/drivers_bm.a(timer.o)
 .debug_macro   0x000051c7       0x66 ./out/lib/drivers_bm.a(timer.o)
 .debug_macro   0x0000522d       0x18 ./out/lib/drivers_bm.a(timer.o)
 .debug_macro   0x00005245       0x16 ./out/lib/drivers_bm.a(timer.o)
 .debug_macro   0x0000525b      0x3cf ./out/lib/drivers_bm.a(Sensor2.o)
 .debug_macro   0x0000562a       0x3a ./out/lib/drivers_bm.a(Sensor2.o)
 .debug_macro   0x00005664      0x3fd ./out/lib/drivers_bm.a(ccan.o)
 .debug_macro   0x00005a61      0x391 ./out/lib/drivers_bm.a(led.o)
 .debug_macro   0x00005df2       0x7c ./out/lib/drivers_bm.a(Descriptors.o)
 .debug_macro   0x00005e6e      0x361 ./out/lib/drivers_bm.a(teclas.o)
 .debug_macro   0x000061cf       0x16 ./out/lib/drivers_bm.a(teclas.o)
 .debug_macro   0x000061e5       0x76 ./out/lib/drivers_bm.a(Environmental.o)
 .debug_macro   0x0000625b      0x1f5 ./out/lib/drivers_bm.a(Display.o)
 .debug_macro   0x00006450       0x1c ./out/lib/drivers_bm.a(Display.o)
 .debug_macro   0x0000646c       0x10 ./out/lib/drivers_bm.a(Display.o)
 .debug_macro   0x0000647c       0x10 ./out/lib/drivers_bm.a(Display.o)
 .debug_macro   0x0000648c       0x22 ./out/lib/drivers_bm.a(Display.o)
 .debug_macro   0x000064ae       0xbe ./out/lib/drivers_bm.a(Display.o)
 .debug_macro   0x0000656c       0x16 ./out/lib/drivers_bm.a(Display.o)
 .debug_macro   0x00006582      0x197 ./out/lib/drivers_bm.a(Display.o)
 .debug_macro   0x00006719       0x16 ./out/lib/drivers_bm.a(Display.o)
 .debug_macro   0x0000672f       0x16 ./out/lib/drivers_bm.a(Display.o)
 .debug_macro   0x00006745       0x29 ./out/lib/drivers_bm.a(Display.o)
 .debug_macro   0x0000676e      0x18a ./out/lib/drivers_bm.a(window.o)
 .debug_macro   0x000068f8       0x1c ./out/lib/drivers_bm.a(window.o)
 .debug_macro   0x00006914       0x4c ./out/lib/drivers_bm.a(window.o)
 .debug_macro   0x00006960       0x16 ./out/lib/drivers_bm.a(window.o)
 .debug_macro   0x00006976       0x16 ./out/lib/drivers_bm.a(window.o)
 .debug_macro   0x0000698c       0x2e ./out/lib/drivers_bm.a(window.o)
 .debug_macro   0x000069ba       0x66 ./out/lib/drivers_bm.a(GLCDLowLevel.o)
 .debug_macro   0x00006a20      0x1a2 ./out/lib/drivers_bm.a(GLCDLowLevel.o)
 .debug_macro   0x00006bc2       0xb4 ./out/lib/drivers_bm.a(GLCDgui.o)
 .debug_macro   0x00006c76      0x2fb ./out/lib/drivers_bm.a(MicroInterface.o)
 .debug_macro   0x00006f71      0x14e ./out/lib/drivers_bm.a(text.o)
 .debug_macro   0x000070bf       0x16 ./out/lib/drivers_bm.a(text.o)
 .debug_macro   0x000070d5      0x136 ./out/lib/drivers_bm.a(picture.o)
 .debug_macro   0x0000720b       0x84 ./out/lib/drivers_bm.a(GLCDFonts.o)
 .debug_macro   0x0000728f       0x79 ./out/lib/drivers_bm.a(GLCDPrimitives.o)
 .debug_macro   0x00007308      0x151 ./out/lib/drivers_bm.a(button.o)
 .debug_macro   0x00007459       0x4a ./out/lib/drivers_bm.a(button.o)
 .debug_macro   0x000074a3      0x2f2 ./out/lib/ext_drivers.a(gpio_18xx_43xx.o)
 .debug_macro   0x00007795      0x2f2 ./out/lib/ext_drivers.a(chip_18xx_43xx.o)
 .debug_macro   0x00007a87      0x2f8 ./out/lib/ext_drivers.a(clock_18xx_43xx.o)
 .debug_macro   0x00007d7f      0x2f2 ./out/lib/ext_drivers.a(sysinit.o)
 .debug_macro   0x00008071      0x2f2 ./out/lib/ext_drivers.a(ritimer_18xx_43xx.o)
 .debug_macro   0x00008363       0x23 ./out/lib/ext_drivers.a(cr_startup_lpc43xx.o)
 .debug_macro   0x00008386       0xd8 ./out/lib/ext_drivers.a(fpu_init.o)
 .debug_macro   0x0000845e      0x2f2 ./out/lib/ext_drivers.a(sysinit_18xx_43xx.o)
 .debug_macro   0x00008750      0x2f8 ./out/lib/ext_drivers.a(ccan_18xx_43xx.o)

.debug_line     0x00000000     0x9449
 .debug_line    0x00000000      0x890 ./out/obj/STGAA_app.o
 .debug_line    0x00000890      0x1fe ./out/obj/vector.o
 .debug_line    0x00000a8e       0x4a ./out/obj/crp.o
 .debug_line    0x00000ad8      0x6e1 ./out/lib/drivers_bm.a(timer.o)
 .debug_line    0x000011b9      0x83f ./out/lib/drivers_bm.a(Sensor2.o)
 .debug_line    0x000019f8      0x7ef ./out/lib/drivers_bm.a(ccan.o)
 .debug_line    0x000021e7      0x79d ./out/lib/drivers_bm.a(led.o)
 .debug_line    0x00002984      0x2a5 ./out/lib/drivers_bm.a(Descriptors.o)
 .debug_line    0x00002c29      0x6f6 ./out/lib/drivers_bm.a(teclas.o)
 .debug_line    0x0000331f      0x25d ./out/lib/drivers_bm.a(Environmental.o)
 .debug_line    0x0000357c      0x416 ./out/lib/drivers_bm.a(Display.o)
 .debug_line    0x00003992      0x4e3 ./out/lib/drivers_bm.a(window.o)
 .debug_line    0x00003e75      0x27b ./out/lib/drivers_bm.a(GLCDLowLevel.o)
 .debug_line    0x000040f0      0x281 ./out/lib/drivers_bm.a(GLCDgui.o)
 .debug_line    0x00004371      0x745 ./out/lib/drivers_bm.a(MicroInterface.o)
 .debug_line    0x00004ab6      0x2da ./out/lib/drivers_bm.a(text.o)
 .debug_line    0x00004d90      0x2ab ./out/lib/drivers_bm.a(picture.o)
 .debug_line    0x0000503b      0x3f8 ./out/lib/drivers_bm.a(GLCDFonts.o)
 .debug_line    0x00005433      0x3ca ./out/lib/drivers_bm.a(GLCDPrimitives.o)
 .debug_line    0x000057fd      0x2c7 ./out/lib/drivers_bm.a(button.o)
 .debug_line    0x00005ac4      0x728 ./out/lib/ext_drivers.a(gpio_18xx_43xx.o)
 .debug_line    0x000061ec      0x6d7 ./out/lib/ext_drivers.a(chip_18xx_43xx.o)
 .debug_line    0x000068c3      0xad0 ./out/lib/ext_drivers.a(clock_18xx_43xx.o)
 .debug_line    0x00007393      0x66f ./out/lib/ext_drivers.a(sysinit.o)
 .debug_line    0x00007a02      0x6e0 ./out/lib/ext_drivers.a(ritimer_18xx_43xx.o)
 .debug_line    0x000080e2       0xe1 ./out/lib/ext_drivers.a(cr_startup_lpc43xx.o)
 .debug_line    0x000081c3      0x287 ./out/lib/ext_drivers.a(fpu_init.o)
 .debug_line    0x0000844a      0x749 ./out/lib/ext_drivers.a(sysinit_18xx_43xx.o)
 .debug_line    0x00008b93      0x8b6 ./out/lib/ext_drivers.a(ccan_18xx_43xx.o)

.debug_str      0x00000000    0x1b4c0
 .debug_str     0x00000000    0x17621 ./out/obj/STGAA_app.o
                              0x178d2 (size before relaxing)
 .debug_str     0x00017621       0xcd ./out/obj/vector.o
                               0x311c (size before relaxing)
 .debug_str     0x000176ee       0x49 ./out/obj/crp.o
                               0x24d8 (size before relaxing)
 .debug_str     0x00017737      0x41c ./out/lib/drivers_bm.a(timer.o)
                              0x1487c (size before relaxing)
 .debug_str     0x00017b53      0x29d ./out/lib/drivers_bm.a(Sensor2.o)
                              0x178d4 (size before relaxing)
 .debug_str     0x00017df0      0x2f5 ./out/lib/drivers_bm.a(ccan.o)
                              0x17b05 (size before relaxing)
 .debug_str     0x000180e5      0x309 ./out/lib/drivers_bm.a(led.o)
                              0x14807 (size before relaxing)
 .debug_str     0x000183ee       0xc6 ./out/lib/drivers_bm.a(Descriptors.o)
                               0x348a (size before relaxing)
 .debug_str     0x000184b4      0x1c3 ./out/lib/drivers_bm.a(teclas.o)
                              0x146e9 (size before relaxing)
 .debug_str     0x00018677       0x86 ./out/lib/drivers_bm.a(Environmental.o)
                               0x33b3 (size before relaxing)
 .debug_str     0x000186fd      0xf56 ./out/lib/drivers_bm.a(Display.o)
                               0x688b (size before relaxing)
 .debug_str     0x00019653      0x687 ./out/lib/drivers_bm.a(window.o)
                               0x5d29 (size before relaxing)
 .debug_str     0x00019cda      0x35d ./out/lib/drivers_bm.a(GLCDLowLevel.o)
                               0x3511 (size before relaxing)
 .debug_str     0x0001a037       0x8e ./out/lib/drivers_bm.a(GLCDgui.o)
                               0x3500 (size before relaxing)
 .debug_str     0x0001a0c5       0xd6 ./out/lib/drivers_bm.a(MicroInterface.o)
                              0x1528f (size before relaxing)
 .debug_str     0x0001a19b       0x4b ./out/lib/drivers_bm.a(text.o)
                               0x5a62 (size before relaxing)
 .debug_str     0x0001a1e6       0x46 ./out/lib/drivers_bm.a(picture.o)
                               0x59d3 (size before relaxing)
 .debug_str     0x0001a22c      0x110 ./out/lib/drivers_bm.a(GLCDFonts.o)
                               0x3573 (size before relaxing)
 .debug_str     0x0001a33c      0x127 ./out/lib/drivers_bm.a(GLCDPrimitives.o)
                               0x34af (size before relaxing)
 .debug_str     0x0001a463       0x73 ./out/lib/drivers_bm.a(button.o)
                               0x5a6f (size before relaxing)
 .debug_str     0x0001a4d6      0x10c ./out/lib/ext_drivers.a(gpio_18xx_43xx.o)
                              0x14560 (size before relaxing)
 .debug_str     0x0001a5e2      0x19c ./out/lib/ext_drivers.a(chip_18xx_43xx.o)
                              0x15154 (size before relaxing)
 .debug_str     0x0001a77e      0x64d ./out/lib/ext_drivers.a(clock_18xx_43xx.o)
                              0x156e1 (size before relaxing)
 .debug_str     0x0001adcb       0x3b ./out/lib/ext_drivers.a(sysinit.o)
                              0x14e5d (size before relaxing)
 .debug_str     0x0001ae06       0xd6 ./out/lib/ext_drivers.a(ritimer_18xx_43xx.o)
                              0x148e3 (size before relaxing)
 .debug_str     0x0001aedc      0x15c ./out/lib/ext_drivers.a(cr_startup_lpc43xx.o)
                               0x260d (size before relaxing)
 .debug_str     0x0001b038       0xd5 ./out/lib/ext_drivers.a(fpu_init.o)
                               0x8cf3 (size before relaxing)
 .debug_str     0x0001b10d      0x107 ./out/lib/ext_drivers.a(sysinit_18xx_43xx.o)
                              0x15123 (size before relaxing)
 .debug_str     0x0001b214      0x2ac ./out/lib/ext_drivers.a(ccan_18xx_43xx.o)
                              0x14bc2 (size before relaxing)

.comment        0x00000000       0x70
 .comment       0x00000000       0x70 ./out/obj/STGAA_app.o
                                 0x71 (size before relaxing)
 .comment       0x00000000       0x71 ./out/obj/vector.o
 .comment       0x00000000       0x71 ./out/obj/crp.o
 .comment       0x00000000       0x71 ./out/lib/drivers_bm.a(timer.o)
 .comment       0x00000000       0x71 ./out/lib/drivers_bm.a(Sensor2.o)
 .comment       0x00000000       0x71 ./out/lib/drivers_bm.a(ccan.o)
 .comment       0x00000000       0x71 ./out/lib/drivers_bm.a(led.o)
 .comment       0x00000000       0x71 ./out/lib/drivers_bm.a(Descriptors.o)
 .comment       0x00000000       0x71 ./out/lib/drivers_bm.a(teclas.o)
 .comment       0x00000000       0x71 ./out/lib/drivers_bm.a(Environmental.o)
 .comment       0x00000000       0x71 ./out/lib/drivers_bm.a(Display.o)
 .comment       0x00000000       0x71 ./out/lib/drivers_bm.a(window.o)
 .comment       0x00000000       0x71 ./out/lib/drivers_bm.a(GLCDLowLevel.o)
 .comment       0x00000000       0x71 ./out/lib/drivers_bm.a(GLCDgui.o)
 .comment       0x00000000       0x71 ./out/lib/drivers_bm.a(MicroInterface.o)
 .comment       0x00000000       0x71 ./out/lib/drivers_bm.a(text.o)
 .comment       0x00000000       0x71 ./out/lib/drivers_bm.a(picture.o)
 .comment       0x00000000       0x71 ./out/lib/drivers_bm.a(GLCDFonts.o)
 .comment       0x00000000       0x71 ./out/lib/drivers_bm.a(GLCDPrimitives.o)
 .comment       0x00000000       0x71 ./out/lib/drivers_bm.a(button.o)
 .comment       0x00000000       0x71 ./out/lib/ext_drivers.a(gpio_18xx_43xx.o)
 .comment       0x00000000       0x71 ./out/lib/ext_drivers.a(chip_18xx_43xx.o)
 .comment       0x00000000       0x71 ./out/lib/ext_drivers.a(clock_18xx_43xx.o)
 .comment       0x00000000       0x71 ./out/lib/ext_drivers.a(sysinit.o)
 .comment       0x00000000       0x71 ./out/lib/ext_drivers.a(ritimer_18xx_43xx.o)
 .comment       0x00000000       0x71 ./out/lib/ext_drivers.a(cr_startup_lpc43xx.o)
 .comment       0x00000000       0x71 ./out/lib/ext_drivers.a(fpu_init.o)
 .comment       0x00000000       0x71 ./out/lib/ext_drivers.a(sysinit_18xx_43xx.o)
 .comment       0x00000000       0x71 ./out/lib/ext_drivers.a(ccan_18xx_43xx.o)

.ARM.attributes
                0x00000000       0x35
 .ARM.attributes
                0x00000000       0x37 ./out/obj/STGAA_app.o
 .ARM.attributes
                0x00000037       0x37 ./out/obj/vector.o
 .ARM.attributes
                0x0000006e       0x37 ./out/obj/crp.o
 .ARM.attributes
                0x000000a5       0x37 ./out/lib/drivers_bm.a(timer.o)
 .ARM.attributes
                0x000000dc       0x37 ./out/lib/drivers_bm.a(Sensor2.o)
 .ARM.attributes
                0x00000113       0x37 ./out/lib/drivers_bm.a(ccan.o)
 .ARM.attributes
                0x0000014a       0x37 ./out/lib/drivers_bm.a(led.o)
 .ARM.attributes
                0x00000181       0x37 ./out/lib/drivers_bm.a(Descriptors.o)
 .ARM.attributes
                0x000001b8       0x37 ./out/lib/drivers_bm.a(teclas.o)
 .ARM.attributes
                0x000001ef       0x37 ./out/lib/drivers_bm.a(Environmental.o)
 .ARM.attributes
                0x00000226       0x37 ./out/lib/drivers_bm.a(Display.o)
 .ARM.attributes
                0x0000025d       0x37 ./out/lib/drivers_bm.a(window.o)
 .ARM.attributes
                0x00000294       0x37 ./out/lib/drivers_bm.a(GLCDLowLevel.o)
 .ARM.attributes
                0x000002cb       0x37 ./out/lib/drivers_bm.a(GLCDgui.o)
 .ARM.attributes
                0x00000302       0x37 ./out/lib/drivers_bm.a(MicroInterface.o)
 .ARM.attributes
                0x00000339       0x37 ./out/lib/drivers_bm.a(text.o)
 .ARM.attributes
                0x00000370       0x37 ./out/lib/drivers_bm.a(picture.o)
 .ARM.attributes
                0x000003a7       0x37 ./out/lib/drivers_bm.a(GLCDFonts.o)
 .ARM.attributes
                0x000003de       0x37 ./out/lib/drivers_bm.a(GLCDPrimitives.o)
 .ARM.attributes
                0x00000415       0x37 ./out/lib/drivers_bm.a(button.o)
 .ARM.attributes
                0x0000044c       0x37 ./out/lib/ext_drivers.a(gpio_18xx_43xx.o)
 .ARM.attributes
                0x00000483       0x37 ./out/lib/ext_drivers.a(chip_18xx_43xx.o)
 .ARM.attributes
                0x000004ba       0x37 ./out/lib/ext_drivers.a(clock_18xx_43xx.o)
 .ARM.attributes
                0x000004f1       0x37 ./out/lib/ext_drivers.a(sysinit.o)
 .ARM.attributes
                0x00000528       0x37 ./out/lib/ext_drivers.a(ritimer_18xx_43xx.o)
 .ARM.attributes
                0x0000055f       0x37 ./out/lib/ext_drivers.a(cr_startup_lpc43xx.o)
 .ARM.attributes
                0x00000596       0x37 ./out/lib/ext_drivers.a(fpu_init.o)
 .ARM.attributes
                0x000005cd       0x37 ./out/lib/ext_drivers.a(sysinit_18xx_43xx.o)
 .ARM.attributes
                0x00000604       0x37 ./out/lib/ext_drivers.a(ccan_18xx_43xx.o)
 .ARM.attributes
                0x0000063b       0x22 c:/ciaa/cygwin/usr/arm-none-eabi/bin/../lib/gcc/arm-none-eabi/4.9.3/armv7e-m/softfp\libgcc.a(_arm_addsubdf3.o)
 .ARM.attributes
                0x0000065d       0x22 c:/ciaa/cygwin/usr/arm-none-eabi/bin/../lib/gcc/arm-none-eabi/4.9.3/armv7e-m/softfp\libgcc.a(_arm_muldivdf3.o)
 .ARM.attributes
                0x0000067f       0x22 c:/ciaa/cygwin/usr/arm-none-eabi/bin/../lib/gcc/arm-none-eabi/4.9.3/armv7e-m/softfp\libgcc.a(_arm_truncdfsf2.o)
 .ARM.attributes
                0x000006a1       0x20 c:/ciaa/cygwin/usr/arm-none-eabi/bin/../lib/gcc/arm-none-eabi/4.9.3/../../../../arm-none-eabi/lib/armv7e-m/softfp\libc.a(lib_a-memcpy.o)
 .ARM.attributes
                0x000006c1       0x32 c:/ciaa/cygwin/usr/arm-none-eabi/bin/../lib/gcc/arm-none-eabi/4.9.3/../../../../arm-none-eabi/lib/armv7e-m/softfp\libc.a(lib_a-memset.o)
 .ARM.attributes
                0x000006f3       0x32 c:/ciaa/cygwin/usr/arm-none-eabi/bin/../lib/gcc/arm-none-eabi/4.9.3/../../../../arm-none-eabi/lib/armv7e-m/softfp\libc.a(lib_a-strcat.o)
 .ARM.attributes
                0x00000725       0x20 c:/ciaa/cygwin/usr/arm-none-eabi/bin/../lib/gcc/arm-none-eabi/4.9.3/../../../../arm-none-eabi/lib/armv7e-m/softfp\libc.a(lib_a-strcmp.o)
 .ARM.attributes
                0x00000745       0x32 c:/ciaa/cygwin/usr/arm-none-eabi/bin/../lib/gcc/arm-none-eabi/4.9.3/../../../../arm-none-eabi/lib/armv7e-m/softfp\libc.a(lib_a-strcpy.o)
 .ARM.attributes
                0x00000777       0x32 c:/ciaa/cygwin/usr/arm-none-eabi/bin/../lib/gcc/arm-none-eabi/4.9.3/../../../../arm-none-eabi/lib/armv7e-m/softfp\libc.a(lib_a-strlen.o)
 .ARM.attributes
                0x000007a9       0x32 c:/ciaa/cygwin/usr/arm-none-eabi/bin/../lib/gcc/arm-none-eabi/4.9.3/../../../../arm-none-eabi/lib/armv7e-m/softfp\libc.a(lib_a-strncpy.o)

.debug_frame    0x00000000     0x2184
 .debug_frame   0x00000000       0xb0 ./out/obj/STGAA_app.o
 .debug_frame   0x000000b0      0x108 ./out/obj/vector.o
 .debug_frame   0x000001b8       0xe4 ./out/lib/drivers_bm.a(timer.o)
 .debug_frame   0x0000029c      0x1a0 ./out/lib/drivers_bm.a(Sensor2.o)
 .debug_frame   0x0000043c      0x1a4 ./out/lib/drivers_bm.a(ccan.o)
 .debug_frame   0x000005e0      0x1f4 ./out/lib/drivers_bm.a(led.o)
 .debug_frame   0x000007d4       0xf0 ./out/lib/drivers_bm.a(Descriptors.o)
 .debug_frame   0x000008c4       0xec ./out/lib/drivers_bm.a(teclas.o)
 .debug_frame   0x000009b0       0x80 ./out/lib/drivers_bm.a(Environmental.o)
 .debug_frame   0x00000a30       0x80 ./out/lib/drivers_bm.a(Display.o)
 .debug_frame   0x00000ab0      0x1d8 ./out/lib/drivers_bm.a(window.o)
 .debug_frame   0x00000c88       0x7c ./out/lib/drivers_bm.a(GLCDLowLevel.o)
 .debug_frame   0x00000d04       0xc4 ./out/lib/drivers_bm.a(GLCDgui.o)
 .debug_frame   0x00000dc8      0x138 ./out/lib/drivers_bm.a(MicroInterface.o)
 .debug_frame   0x00000f00       0x7c ./out/lib/drivers_bm.a(text.o)
 .debug_frame   0x00000f7c       0x58 ./out/lib/drivers_bm.a(picture.o)
 .debug_frame   0x00000fd4      0x1b0 ./out/lib/drivers_bm.a(GLCDFonts.o)
 .debug_frame   0x00001184      0x154 ./out/lib/drivers_bm.a(GLCDPrimitives.o)
 .debug_frame   0x000012d8       0x5c ./out/lib/drivers_bm.a(button.o)
 .debug_frame   0x00001334      0x198 ./out/lib/ext_drivers.a(gpio_18xx_43xx.o)
 .debug_frame   0x000014cc       0xa0 ./out/lib/ext_drivers.a(chip_18xx_43xx.o)
 .debug_frame   0x0000156c      0x568 ./out/lib/ext_drivers.a(clock_18xx_43xx.o)
 .debug_frame   0x00001ad4       0x34 ./out/lib/ext_drivers.a(sysinit.o)
 .debug_frame   0x00001b08       0xf4 ./out/lib/ext_drivers.a(ritimer_18xx_43xx.o)
 .debug_frame   0x00001bfc       0x80 ./out/lib/ext_drivers.a(cr_startup_lpc43xx.o)
 .debug_frame   0x00001c7c       0x38 ./out/lib/ext_drivers.a(fpu_init.o)
 .debug_frame   0x00001cb4       0xf4 ./out/lib/ext_drivers.a(sysinit_18xx_43xx.o)
 .debug_frame   0x00001da8      0x30c ./out/lib/ext_drivers.a(ccan_18xx_43xx.o)
 .debug_frame   0x000020b4       0x34 c:/ciaa/cygwin/usr/arm-none-eabi/bin/../lib/gcc/arm-none-eabi/4.9.3/../../../../arm-none-eabi/lib/armv7e-m/softfp\libc.a(lib_a-memset.o)
 .debug_frame   0x000020e8       0x28 c:/ciaa/cygwin/usr/arm-none-eabi/bin/../lib/gcc/arm-none-eabi/4.9.3/../../../../arm-none-eabi/lib/armv7e-m/softfp\libc.a(lib_a-strcat.o)
 .debug_frame   0x00002110       0x20 c:/ciaa/cygwin/usr/arm-none-eabi/bin/../lib/gcc/arm-none-eabi/4.9.3/../../../../arm-none-eabi/lib/armv7e-m/softfp\libc.a(lib_a-strcpy.o)
 .debug_frame   0x00002130       0x20 c:/ciaa/cygwin/usr/arm-none-eabi/bin/../lib/gcc/arm-none-eabi/4.9.3/../../../../arm-none-eabi/lib/armv7e-m/softfp\libc.a(lib_a-strlen.o)
 .debug_frame   0x00002150       0x34 c:/ciaa/cygwin/usr/arm-none-eabi/bin/../lib/gcc/arm-none-eabi/4.9.3/../../../../arm-none-eabi/lib/armv7e-m/softfp\libc.a(lib_a-strncpy.o)
